
         /\      Grafana   /‾‾/  
    /\  /  \     |\  __   /  /   
   /  \/    \    | |/ /  /   ‾‾\ 
  /          \   |   (  |  (‾)  |
 / __________ \  |_|\_\  \_____/ 


     execution: local
        script: final-comprehensive.js
        output: -

     scenarios: (100.00%) 1 scenario, 100 max VUs, 10m15s max duration (incl. graceful stop):
              * comprehensive_load: Up to 100 looping VUs for 10m0s over 3 stages (gracefulRampDown: 30s, gracefulStop: 15s)


running (00m00.9s), 000/100 VUs, 0 complete and 0 interrupted iterations
comprehensive_load   [   0% ] 000/100 VUs  00m00.9s/10m00.0s

running (00m01.9s), 000/100 VUs, 0 complete and 0 interrupted iterations
comprehensive_load   [   0% ] 000/100 VUs  00m01.9s/10m00.0s

running (00m02.9s), 001/100 VUs, 0 complete and 0 interrupted iterations
comprehensive_load   [   0% ] 001/100 VUs  00m02.9s/10m00.0s

running (00m04.0s), 001/100 VUs, 0 complete and 0 interrupted iterations
comprehensive_load   [   1% ] 001/100 VUs  00m04.0s/10m00.0s

running (00m04.9s), 002/100 VUs, 0 complete and 0 interrupted iterations
comprehensive_load   [   1% ] 002/100 VUs  00m04.9s/10m00.0s

running (00m05.9s), 002/100 VUs, 1 complete and 0 interrupted iterations
comprehensive_load   [   1% ] 002/100 VUs  00m05.9s/10m00.0s

running (00m06.9s), 002/100 VUs, 3 complete and 0 interrupted iterations
comprehensive_load   [   1% ] 002/100 VUs  00m06.9s/10m00.0s

running (00m07.9s), 003/100 VUs, 4 complete and 0 interrupted iterations
comprehensive_load   [   1% ] 003/100 VUs  00m07.9s/10m00.0s

running (00m08.9s), 003/100 VUs, 6 complete and 0 interrupted iterations
comprehensive_load   [   1% ] 003/100 VUs  00m08.9s/10m00.0s

running (00m09.9s), 004/100 VUs, 8 complete and 0 interrupted iterations
comprehensive_load   [   2% ] 004/100 VUs  00m09.9s/10m00.0s

running (00m10.9s), 004/100 VUs, 11 complete and 0 interrupted iterations
comprehensive_load   [   2% ] 004/100 VUs  00m10.9s/10m00.0s

running (00m11.9s), 004/100 VUs, 14 complete and 0 interrupted iterations
comprehensive_load   [   2% ] 004/100 VUs  00m11.9s/10m00.0s

running (00m12.9s), 005/100 VUs, 16 complete and 0 interrupted iterations
comprehensive_load   [   2% ] 005/100 VUs  00m12.9s/10m00.0s

running (00m13.9s), 005/100 VUs, 20 complete and 0 interrupted iterations
comprehensive_load   [   2% ] 005/100 VUs  00m13.9s/10m00.0s

running (00m14.9s), 006/100 VUs, 24 complete and 0 interrupted iterations
comprehensive_load   [   2% ] 006/100 VUs  00m14.9s/10m00.0s

running (00m15.9s), 006/100 VUs, 28 complete and 0 interrupted iterations
comprehensive_load   [   3% ] 006/100 VUs  00m15.9s/10m00.0s

running (00m16.9s), 007/100 VUs, 31 complete and 0 interrupted iterations
comprehensive_load   [   3% ] 007/100 VUs  00m16.9s/10m00.0s

running (00m17.9s), 007/100 VUs, 36 complete and 0 interrupted iterations
comprehensive_load   [   3% ] 007/100 VUs  00m17.9s/10m00.0s

running (00m18.9s), 007/100 VUs, 41 complete and 0 interrupted iterations
comprehensive_load   [   3% ] 007/100 VUs  00m18.9s/10m00.0s

running (00m19.9s), 008/100 VUs, 46 complete and 0 interrupted iterations
comprehensive_load   [   3% ] 008/100 VUs  00m19.9s/10m00.0s

running (00m20.9s), 008/100 VUs, 51 complete and 0 interrupted iterations
comprehensive_load   [   3% ] 008/100 VUs  00m20.9s/10m00.0s

running (00m21.9s), 009/100 VUs, 56 complete and 0 interrupted iterations
comprehensive_load   [   4% ] 009/100 VUs  00m21.9s/10m00.0s

running (00m22.9s), 009/100 VUs, 63 complete and 0 interrupted iterations
comprehensive_load   [   4% ] 009/100 VUs  00m22.9s/10m00.0s

running (00m23.9s), 009/100 VUs, 65 complete and 0 interrupted iterations
comprehensive_load   [   4% ] 009/100 VUs  00m23.9s/10m00.0s

running (00m24.9s), 010/100 VUs, 74 complete and 0 interrupted iterations
comprehensive_load   [   4% ] 010/100 VUs  00m24.9s/10m00.0s

running (00m25.9s), 010/100 VUs, 80 complete and 0 interrupted iterations
comprehensive_load   [   4% ] 010/100 VUs  00m25.9s/10m00.0s

running (00m26.9s), 011/100 VUs, 86 complete and 0 interrupted iterations
comprehensive_load   [   4% ] 011/100 VUs  00m26.9s/10m00.0s

running (00m27.9s), 011/100 VUs, 95 complete and 0 interrupted iterations
comprehensive_load   [   5% ] 011/100 VUs  00m27.9s/10m00.0s

running (00m28.9s), 012/100 VUs, 101 complete and 0 interrupted iterations
comprehensive_load   [   5% ] 012/100 VUs  00m28.9s/10m00.0s

running (00m29.9s), 012/100 VUs, 110 complete and 0 interrupted iterations
comprehensive_load   [   5% ] 012/100 VUs  00m29.9s/10m00.0s

running (00m30.9s), 012/100 VUs, 119 complete and 0 interrupted iterations
comprehensive_load   [   5% ] 012/100 VUs  00m30.9s/10m00.0s

running (00m31.9s), 013/100 VUs, 126 complete and 0 interrupted iterations
comprehensive_load   [   5% ] 013/100 VUs  00m31.9s/10m00.0s

running (00m32.9s), 013/100 VUs, 135 complete and 0 interrupted iterations
comprehensive_load   [   5% ] 013/100 VUs  00m32.9s/10m00.0s

running (00m33.9s), 014/100 VUs, 145 complete and 0 interrupted iterations
comprehensive_load   [   6% ] 014/100 VUs  00m33.9s/10m00.0s

running (00m34.9s), 014/100 VUs, 153 complete and 0 interrupted iterations
comprehensive_load   [   6% ] 014/100 VUs  00m34.9s/10m00.0s

running (00m35.9s), 014/100 VUs, 163 complete and 0 interrupted iterations
comprehensive_load   [   6% ] 014/100 VUs  00m35.9s/10m00.0s

running (00m36.9s), 015/100 VUs, 173 complete and 0 interrupted iterations
comprehensive_load   [   6% ] 015/100 VUs  00m36.9s/10m00.0s

running (00m37.9s), 015/100 VUs, 182 complete and 0 interrupted iterations
comprehensive_load   [   6% ] 015/100 VUs  00m37.9s/10m00.0s

running (00m38.9s), 016/100 VUs, 193 complete and 0 interrupted iterations
comprehensive_load   [   6% ] 016/100 VUs  00m38.9s/10m00.0s

running (00m39.9s), 016/100 VUs, 203 complete and 0 interrupted iterations
comprehensive_load   [   7% ] 016/100 VUs  00m39.9s/10m00.0s

running (00m40.9s), 017/100 VUs, 215 complete and 0 interrupted iterations
comprehensive_load   [   7% ] 017/100 VUs  00m40.9s/10m00.0s

running (00m41.9s), 017/100 VUs, 225 complete and 0 interrupted iterations
comprehensive_load   [   7% ] 017/100 VUs  00m41.9s/10m00.0s

running (00m42.9s), 017/100 VUs, 237 complete and 0 interrupted iterations
comprehensive_load   [   7% ] 017/100 VUs  00m42.9s/10m00.0s

running (00m43.9s), 018/100 VUs, 249 complete and 0 interrupted iterations
comprehensive_load   [   7% ] 018/100 VUs  00m43.9s/10m00.0s

running (00m44.9s), 018/100 VUs, 258 complete and 0 interrupted iterations
comprehensive_load   [   7% ] 018/100 VUs  00m44.9s/10m00.0s

running (00m45.9s), 019/100 VUs, 271 complete and 0 interrupted iterations
comprehensive_load   [   8% ] 019/100 VUs  00m45.9s/10m00.0s

running (00m46.9s), 019/100 VUs, 281 complete and 0 interrupted iterations
comprehensive_load   [   8% ] 019/100 VUs  00m46.9s/10m00.0s

running (00m47.9s), 019/100 VUs, 294 complete and 0 interrupted iterations
comprehensive_load   [   8% ] 019/100 VUs  00m47.9s/10m00.0s

running (00m48.9s), 020/100 VUs, 306 complete and 0 interrupted iterations
comprehensive_load   [   8% ] 020/100 VUs  00m48.9s/10m00.0s

running (00m49.9s), 020/100 VUs, 318 complete and 0 interrupted iterations
comprehensive_load   [   8% ] 020/100 VUs  00m49.9s/10m00.0s

running (00m50.9s), 021/100 VUs, 330 complete and 0 interrupted iterations
comprehensive_load   [   8% ] 021/100 VUs  00m50.9s/10m00.0s

running (00m51.9s), 021/100 VUs, 340 complete and 0 interrupted iterations
comprehensive_load   [   9% ] 021/100 VUs  00m51.9s/10m00.0s

running (00m52.9s), 022/100 VUs, 350 complete and 0 interrupted iterations
comprehensive_load   [   9% ] 022/100 VUs  00m52.9s/10m00.0s

running (00m53.9s), 022/100 VUs, 359 complete and 0 interrupted iterations
comprehensive_load   [   9% ] 022/100 VUs  00m53.9s/10m00.0s

running (00m54.9s), 022/100 VUs, 370 complete and 0 interrupted iterations
comprehensive_load   [   9% ] 022/100 VUs  00m54.9s/10m00.0s

running (00m55.9s), 023/100 VUs, 382 complete and 0 interrupted iterations
comprehensive_load   [   9% ] 023/100 VUs  00m55.9s/10m00.0s

running (00m56.9s), 023/100 VUs, 394 complete and 0 interrupted iterations
comprehensive_load   [   9% ] 023/100 VUs  00m56.9s/10m00.0s

running (00m57.9s), 024/100 VUs, 406 complete and 0 interrupted iterations
comprehensive_load   [  10% ] 024/100 VUs  00m57.9s/10m00.0s

running (00m58.9s), 024/100 VUs, 418 complete and 0 interrupted iterations
comprehensive_load   [  10% ] 024/100 VUs  00m58.9s/10m00.0s

running (00m59.9s), 024/100 VUs, 429 complete and 0 interrupted iterations
comprehensive_load   [  10% ] 024/100 VUs  00m59.9s/10m00.0s

running (01m00.9s), 025/100 VUs, 435 complete and 0 interrupted iterations
comprehensive_load   [  10% ] 025/100 VUs  01m00.9s/10m00.0s

running (01m01.9s), 025/100 VUs, 437 complete and 0 interrupted iterations
comprehensive_load   [  10% ] 025/100 VUs  01m01.9s/10m00.0s

running (01m02.9s), 026/100 VUs, 440 complete and 0 interrupted iterations
comprehensive_load   [  10% ] 026/100 VUs  01m02.9s/10m00.0s

running (01m03.9s), 026/100 VUs, 444 complete and 0 interrupted iterations
comprehensive_load   [  11% ] 026/100 VUs  01m03.9s/10m00.0s

running (01m04.9s), 027/100 VUs, 452 complete and 0 interrupted iterations
comprehensive_load   [  11% ] 027/100 VUs  01m04.9s/10m00.0s

running (01m05.9s), 027/100 VUs, 466 complete and 0 interrupted iterations
comprehensive_load   [  11% ] 027/100 VUs  01m05.9s/10m00.0s

running (01m06.9s), 027/100 VUs, 477 complete and 0 interrupted iterations
comprehensive_load   [  11% ] 027/100 VUs  01m06.9s/10m00.0s

running (01m07.9s), 028/100 VUs, 490 complete and 0 interrupted iterations
comprehensive_load   [  11% ] 028/100 VUs  01m07.9s/10m00.0s

running (01m08.9s), 028/100 VUs, 502 complete and 0 interrupted iterations
comprehensive_load   [  11% ] 028/100 VUs  01m08.9s/10m00.0s

running (01m09.9s), 029/100 VUs, 515 complete and 0 interrupted iterations
comprehensive_load   [  12% ] 029/100 VUs  01m09.9s/10m00.0s

running (01m10.9s), 029/100 VUs, 528 complete and 0 interrupted iterations
comprehensive_load   [  12% ] 029/100 VUs  01m10.9s/10m00.0s

running (01m11.9s), 029/100 VUs, 539 complete and 0 interrupted iterations
comprehensive_load   [  12% ] 029/100 VUs  01m11.9s/10m00.0s

running (01m12.9s), 030/100 VUs, 552 complete and 0 interrupted iterations
comprehensive_load   [  12% ] 030/100 VUs  01m12.9s/10m00.0s

running (01m13.9s), 030/100 VUs, 564 complete and 0 interrupted iterations
comprehensive_load   [  12% ] 030/100 VUs  01m13.9s/10m00.0s

running (01m14.9s), 031/100 VUs, 577 complete and 0 interrupted iterations
comprehensive_load   [  12% ] 031/100 VUs  01m14.9s/10m00.0s

running (01m15.9s), 031/100 VUs, 589 complete and 0 interrupted iterations
comprehensive_load   [  13% ] 031/100 VUs  01m15.9s/10m00.0s

running (01m16.9s), 032/100 VUs, 601 complete and 0 interrupted iterations
comprehensive_load   [  13% ] 032/100 VUs  01m16.9s/10m00.0s

running (01m17.9s), 032/100 VUs, 613 complete and 0 interrupted iterations
comprehensive_load   [  13% ] 032/100 VUs  01m17.9s/10m00.0s

running (01m18.9s), 032/100 VUs, 625 complete and 0 interrupted iterations
comprehensive_load   [  13% ] 032/100 VUs  01m18.9s/10m00.0s

running (01m19.9s), 033/100 VUs, 638 complete and 0 interrupted iterations
comprehensive_load   [  13% ] 033/100 VUs  01m19.9s/10m00.0s

running (01m20.9s), 033/100 VUs, 649 complete and 0 interrupted iterations
comprehensive_load   [  13% ] 033/100 VUs  01m20.9s/10m00.0s

running (01m21.9s), 034/100 VUs, 661 complete and 0 interrupted iterations
comprehensive_load   [  14% ] 034/100 VUs  01m21.9s/10m00.0s

running (01m22.9s), 034/100 VUs, 674 complete and 0 interrupted iterations
comprehensive_load   [  14% ] 034/100 VUs  01m22.9s/10m00.0s

running (01m23.9s), 034/100 VUs, 684 complete and 0 interrupted iterations
comprehensive_load   [  14% ] 034/100 VUs  01m23.9s/10m00.0s

running (01m24.9s), 035/100 VUs, 694 complete and 0 interrupted iterations
comprehensive_load   [  14% ] 035/100 VUs  01m24.9s/10m00.0s

running (01m25.9s), 035/100 VUs, 707 complete and 0 interrupted iterations
comprehensive_load   [  14% ] 035/100 VUs  01m25.9s/10m00.0s

running (01m26.9s), 036/100 VUs, 719 complete and 0 interrupted iterations
comprehensive_load   [  14% ] 036/100 VUs  01m26.9s/10m00.0s

running (01m27.9s), 036/100 VUs, 731 complete and 0 interrupted iterations
comprehensive_load   [  15% ] 036/100 VUs  01m27.9s/10m00.0s

running (01m28.9s), 037/100 VUs, 742 complete and 0 interrupted iterations
comprehensive_load   [  15% ] 037/100 VUs  01m28.9s/10m00.0s

running (01m29.9s), 037/100 VUs, 754 complete and 0 interrupted iterations
comprehensive_load   [  15% ] 037/100 VUs  01m29.9s/10m00.0s

running (01m31.0s), 037/100 VUs, 766 complete and 0 interrupted iterations
comprehensive_load   [  15% ] 037/100 VUs  01m31.0s/10m00.0s

running (01m31.9s), 038/100 VUs, 777 complete and 0 interrupted iterations
comprehensive_load   [  15% ] 038/100 VUs  01m31.9s/10m00.0s

running (01m32.9s), 038/100 VUs, 786 complete and 0 interrupted iterations
comprehensive_load   [  15% ] 038/100 VUs  01m32.9s/10m00.0s

running (01m33.9s), 039/100 VUs, 796 complete and 0 interrupted iterations
comprehensive_load   [  16% ] 039/100 VUs  01m33.9s/10m00.0s

running (01m34.9s), 039/100 VUs, 810 complete and 0 interrupted iterations
comprehensive_load   [  16% ] 039/100 VUs  01m34.9s/10m00.0s

running (01m35.9s), 039/100 VUs, 820 complete and 0 interrupted iterations
comprehensive_load   [  16% ] 039/100 VUs  01m35.9s/10m00.0s

running (01m36.9s), 040/100 VUs, 832 complete and 0 interrupted iterations
comprehensive_load   [  16% ] 040/100 VUs  01m36.9s/10m00.0s

running (01m37.9s), 040/100 VUs, 844 complete and 0 interrupted iterations
comprehensive_load   [  16% ] 040/100 VUs  01m37.9s/10m00.0s

running (01m38.9s), 041/100 VUs, 855 complete and 0 interrupted iterations
comprehensive_load   [  16% ] 041/100 VUs  01m38.9s/10m00.0s

running (01m39.9s), 041/100 VUs, 868 complete and 0 interrupted iterations
comprehensive_load   [  17% ] 041/100 VUs  01m39.9s/10m00.0s

running (01m40.9s), 042/100 VUs, 880 complete and 0 interrupted iterations
comprehensive_load   [  17% ] 042/100 VUs  01m40.9s/10m00.0s

running (01m41.9s), 042/100 VUs, 892 complete and 0 interrupted iterations
comprehensive_load   [  17% ] 042/100 VUs  01m41.9s/10m00.0s

running (01m42.9s), 042/100 VUs, 904 complete and 0 interrupted iterations
comprehensive_load   [  17% ] 042/100 VUs  01m42.9s/10m00.0s

running (01m43.9s), 043/100 VUs, 917 complete and 0 interrupted iterations
comprehensive_load   [  17% ] 043/100 VUs  01m43.9s/10m00.0s

running (01m44.9s), 043/100 VUs, 930 complete and 0 interrupted iterations
comprehensive_load   [  17% ] 043/100 VUs  01m44.9s/10m00.0s

running (01m45.9s), 044/100 VUs, 942 complete and 0 interrupted iterations
comprehensive_load   [  18% ] 044/100 VUs  01m45.9s/10m00.0s

running (01m46.9s), 044/100 VUs, 951 complete and 0 interrupted iterations
comprehensive_load   [  18% ] 044/100 VUs  01m46.9s/10m00.0s

running (01m47.9s), 044/100 VUs, 964 complete and 0 interrupted iterations
comprehensive_load   [  18% ] 044/100 VUs  01m47.9s/10m00.0s

running (01m48.9s), 045/100 VUs, 975 complete and 0 interrupted iterations
comprehensive_load   [  18% ] 045/100 VUs  01m48.9s/10m00.0s

running (01m49.9s), 045/100 VUs, 987 complete and 0 interrupted iterations
comprehensive_load   [  18% ] 045/100 VUs  01m49.9s/10m00.0s

running (01m50.9s), 046/100 VUs, 999 complete and 0 interrupted iterations
comprehensive_load   [  18% ] 046/100 VUs  01m50.9s/10m00.0s

running (01m51.9s), 046/100 VUs, 1011 complete and 0 interrupted iterations
comprehensive_load   [  19% ] 046/100 VUs  01m51.9s/10m00.0s

running (01m52.9s), 047/100 VUs, 1024 complete and 0 interrupted iterations
comprehensive_load   [  19% ] 047/100 VUs  01m52.9s/10m00.0s

running (01m53.9s), 047/100 VUs, 1036 complete and 0 interrupted iterations
comprehensive_load   [  19% ] 047/100 VUs  01m53.9s/10m00.0s

running (01m54.9s), 047/100 VUs, 1048 complete and 0 interrupted iterations
comprehensive_load   [  19% ] 047/100 VUs  01m54.9s/10m00.0s

running (01m55.9s), 048/100 VUs, 1059 complete and 0 interrupted iterations
comprehensive_load   [  19% ] 048/100 VUs  01m55.9s/10m00.0s

running (01m56.9s), 048/100 VUs, 1071 complete and 0 interrupted iterations
comprehensive_load   [  19% ] 048/100 VUs  01m56.9s/10m00.0s

running (01m57.9s), 049/100 VUs, 1085 complete and 0 interrupted iterations
comprehensive_load   [  20% ] 049/100 VUs  01m57.9s/10m00.0s

running (01m58.9s), 049/100 VUs, 1097 complete and 0 interrupted iterations
comprehensive_load   [  20% ] 049/100 VUs  01m58.9s/10m00.0s

running (01m59.9s), 049/100 VUs, 1109 complete and 0 interrupted iterations
comprehensive_load   [  20% ] 049/100 VUs  01m59.9s/10m00.0s

running (02m00.9s), 050/100 VUs, 1120 complete and 0 interrupted iterations
comprehensive_load   [  20% ] 050/100 VUs  02m00.9s/10m00.0s

running (02m02.0s), 050/100 VUs, 1134 complete and 0 interrupted iterations
comprehensive_load   [  20% ] 050/100 VUs  02m02.0s/10m00.0s

running (02m02.9s), 050/100 VUs, 1142 complete and 0 interrupted iterations
comprehensive_load   [  20% ] 050/100 VUs  02m02.9s/10m00.0s

running (02m03.9s), 050/100 VUs, 1154 complete and 0 interrupted iterations
comprehensive_load   [  21% ] 050/100 VUs  02m03.9s/10m00.0s

running (02m04.9s), 050/100 VUs, 1166 complete and 0 interrupted iterations
comprehensive_load   [  21% ] 050/100 VUs  02m04.9s/10m00.0s

running (02m05.9s), 050/100 VUs, 1177 complete and 0 interrupted iterations
comprehensive_load   [  21% ] 050/100 VUs  02m05.9s/10m00.0s

running (02m06.9s), 050/100 VUs, 1190 complete and 0 interrupted iterations
comprehensive_load   [  21% ] 050/100 VUs  02m06.9s/10m00.0s

running (02m07.9s), 051/100 VUs, 1202 complete and 0 interrupted iterations
comprehensive_load   [  21% ] 051/100 VUs  02m07.9s/10m00.0s

running (02m08.9s), 051/100 VUs, 1212 complete and 0 interrupted iterations
comprehensive_load   [  21% ] 051/100 VUs  02m08.9s/10m00.0s

running (02m09.9s), 051/100 VUs, 1218 complete and 0 interrupted iterations
comprehensive_load   [  22% ] 051/100 VUs  02m09.9s/10m00.0s

running (02m10.9s), 051/100 VUs, 1223 complete and 0 interrupted iterations
comprehensive_load   [  22% ] 051/100 VUs  02m10.9s/10m00.0s

running (02m11.9s), 051/100 VUs, 1227 complete and 0 interrupted iterations
comprehensive_load   [  22% ] 051/100 VUs  02m11.9s/10m00.0s

running (02m12.9s), 051/100 VUs, 1231 complete and 0 interrupted iterations
comprehensive_load   [  22% ] 051/100 VUs  02m12.9s/10m00.0s

running (02m13.9s), 051/100 VUs, 1239 complete and 0 interrupted iterations
comprehensive_load   [  22% ] 051/100 VUs  02m13.9s/10m00.0s

running (02m14.9s), 052/100 VUs, 1251 complete and 0 interrupted iterations
comprehensive_load   [  22% ] 052/100 VUs  02m14.9s/10m00.0s

running (02m16.0s), 052/100 VUs, 1265 complete and 0 interrupted iterations
comprehensive_load   [  23% ] 052/100 VUs  02m16.0s/10m00.0s

running (02m16.9s), 052/100 VUs, 1276 complete and 0 interrupted iterations
comprehensive_load   [  23% ] 052/100 VUs  02m16.9s/10m00.0s

running (02m17.9s), 052/100 VUs, 1286 complete and 0 interrupted iterations
comprehensive_load   [  23% ] 052/100 VUs  02m17.9s/10m00.0s

running (02m18.9s), 052/100 VUs, 1299 complete and 0 interrupted iterations
comprehensive_load   [  23% ] 052/100 VUs  02m18.9s/10m00.0s

running (02m19.9s), 052/100 VUs, 1313 complete and 0 interrupted iterations
comprehensive_load   [  23% ] 052/100 VUs  02m19.9s/10m00.0s

running (02m20.9s), 052/100 VUs, 1325 complete and 0 interrupted iterations
comprehensive_load   [  23% ] 052/100 VUs  02m20.9s/10m00.0s

running (02m21.9s), 053/100 VUs, 1335 complete and 0 interrupted iterations
comprehensive_load   [  24% ] 053/100 VUs  02m21.9s/10m00.0s

running (02m22.9s), 053/100 VUs, 1349 complete and 0 interrupted iterations
comprehensive_load   [  24% ] 053/100 VUs  02m22.9s/10m00.0s

running (02m23.9s), 053/100 VUs, 1360 complete and 0 interrupted iterations
comprehensive_load   [  24% ] 053/100 VUs  02m23.9s/10m00.0s

running (02m25.0s), 053/100 VUs, 1366 complete and 0 interrupted iterations
comprehensive_load   [  24% ] 053/100 VUs  02m25.0s/10m00.0s

running (02m25.9s), 053/100 VUs, 1371 complete and 0 interrupted iterations
comprehensive_load   [  24% ] 053/100 VUs  02m25.9s/10m00.0s

running (02m26.9s), 053/100 VUs, 1376 complete and 0 interrupted iterations
comprehensive_load   [  24% ] 053/100 VUs  02m26.9s/10m00.0s

running (02m27.9s), 053/100 VUs, 1385 complete and 0 interrupted iterations
comprehensive_load   [  25% ] 053/100 VUs  02m27.9s/10m00.0s

running (02m28.9s), 054/100 VUs, 1397 complete and 0 interrupted iterations
comprehensive_load   [  25% ] 054/100 VUs  02m28.9s/10m00.0s

running (02m29.9s), 054/100 VUs, 1409 complete and 0 interrupted iterations
comprehensive_load   [  25% ] 054/100 VUs  02m29.9s/10m00.0s

running (02m30.9s), 054/100 VUs, 1423 complete and 0 interrupted iterations
comprehensive_load   [  25% ] 054/100 VUs  02m30.9s/10m00.0s

running (02m31.9s), 054/100 VUs, 1431 complete and 0 interrupted iterations
comprehensive_load   [  25% ] 054/100 VUs  02m31.9s/10m00.0s

running (02m32.9s), 054/100 VUs, 1442 complete and 0 interrupted iterations
comprehensive_load   [  25% ] 054/100 VUs  02m32.9s/10m00.0s

running (02m33.9s), 054/100 VUs, 1455 complete and 0 interrupted iterations
comprehensive_load   [  26% ] 054/100 VUs  02m33.9s/10m00.0s

running (02m34.9s), 054/100 VUs, 1468 complete and 0 interrupted iterations
comprehensive_load   [  26% ] 054/100 VUs  02m34.9s/10m00.0s

running (02m35.9s), 054/100 VUs, 1479 complete and 0 interrupted iterations
comprehensive_load   [  26% ] 054/100 VUs  02m35.9s/10m00.0s

running (02m36.9s), 055/100 VUs, 1492 complete and 0 interrupted iterations
comprehensive_load   [  26% ] 055/100 VUs  02m36.9s/10m00.0s

running (02m37.9s), 055/100 VUs, 1505 complete and 0 interrupted iterations
comprehensive_load   [  26% ] 055/100 VUs  02m37.9s/10m00.0s

running (02m38.9s), 055/100 VUs, 1518 complete and 0 interrupted iterations
comprehensive_load   [  26% ] 055/100 VUs  02m38.9s/10m00.0s

running (02m39.9s), 055/100 VUs, 1529 complete and 0 interrupted iterations
comprehensive_load   [  27% ] 055/100 VUs  02m39.9s/10m00.0s

running (02m40.9s), 055/100 VUs, 1542 complete and 0 interrupted iterations
comprehensive_load   [  27% ] 055/100 VUs  02m40.9s/10m00.0s

running (02m41.9s), 055/100 VUs, 1554 complete and 0 interrupted iterations
comprehensive_load   [  27% ] 055/100 VUs  02m41.9s/10m00.0s

running (02m42.9s), 055/100 VUs, 1567 complete and 0 interrupted iterations
comprehensive_load   [  27% ] 055/100 VUs  02m42.9s/10m00.0s

running (02m43.9s), 056/100 VUs, 1578 complete and 0 interrupted iterations
comprehensive_load   [  27% ] 056/100 VUs  02m43.9s/10m00.0s

running (02m44.9s), 056/100 VUs, 1592 complete and 0 interrupted iterations
comprehensive_load   [  27% ] 056/100 VUs  02m44.9s/10m00.0s

running (02m45.9s), 056/100 VUs, 1604 complete and 0 interrupted iterations
comprehensive_load   [  28% ] 056/100 VUs  02m45.9s/10m00.0s

running (02m46.9s), 056/100 VUs, 1615 complete and 0 interrupted iterations
comprehensive_load   [  28% ] 056/100 VUs  02m46.9s/10m00.0s

running (02m47.9s), 056/100 VUs, 1628 complete and 0 interrupted iterations
comprehensive_load   [  28% ] 056/100 VUs  02m47.9s/10m00.0s

running (02m48.9s), 056/100 VUs, 1640 complete and 0 interrupted iterations
comprehensive_load   [  28% ] 056/100 VUs  02m48.9s/10m00.0s

running (02m49.9s), 056/100 VUs, 1653 complete and 0 interrupted iterations
comprehensive_load   [  28% ] 056/100 VUs  02m49.9s/10m00.0s

running (02m50.9s), 057/100 VUs, 1666 complete and 0 interrupted iterations
comprehensive_load   [  28% ] 057/100 VUs  02m50.9s/10m00.0s

running (02m51.9s), 057/100 VUs, 1677 complete and 0 interrupted iterations
comprehensive_load   [  29% ] 057/100 VUs  02m51.9s/10m00.0s

running (02m52.9s), 057/100 VUs, 1691 complete and 0 interrupted iterations
comprehensive_load   [  29% ] 057/100 VUs  02m52.9s/10m00.0s

running (02m53.9s), 057/100 VUs, 1703 complete and 0 interrupted iterations
comprehensive_load   [  29% ] 057/100 VUs  02m53.9s/10m00.0s

running (02m54.9s), 057/100 VUs, 1714 complete and 0 interrupted iterations
comprehensive_load   [  29% ] 057/100 VUs  02m54.9s/10m00.0s

running (02m55.9s), 057/100 VUs, 1725 complete and 0 interrupted iterations
comprehensive_load   [  29% ] 057/100 VUs  02m55.9s/10m00.0s

running (02m56.9s), 057/100 VUs, 1737 complete and 0 interrupted iterations
comprehensive_load   [  29% ] 057/100 VUs  02m56.9s/10m00.0s

running (02m57.9s), 058/100 VUs, 1749 complete and 0 interrupted iterations
comprehensive_load   [  30% ] 058/100 VUs  02m57.9s/10m00.0s

running (02m58.9s), 058/100 VUs, 1762 complete and 0 interrupted iterations
comprehensive_load   [  30% ] 058/100 VUs  02m58.9s/10m00.0s

running (02m59.9s), 058/100 VUs, 1774 complete and 0 interrupted iterations
comprehensive_load   [  30% ] 058/100 VUs  02m59.9s/10m00.0s

running (03m00.9s), 058/100 VUs, 1787 complete and 0 interrupted iterations
comprehensive_load   [  30% ] 058/100 VUs  03m00.9s/10m00.0s

running (03m01.9s), 058/100 VUs, 1798 complete and 0 interrupted iterations
comprehensive_load   [  30% ] 058/100 VUs  03m01.9s/10m00.0s

running (03m02.9s), 058/100 VUs, 1810 complete and 0 interrupted iterations
comprehensive_load   [  30% ] 058/100 VUs  03m02.9s/10m00.0s

running (03m03.9s), 058/100 VUs, 1823 complete and 0 interrupted iterations
comprehensive_load   [  31% ] 058/100 VUs  03m03.9s/10m00.0s

running (03m04.9s), 059/100 VUs, 1835 complete and 0 interrupted iterations
comprehensive_load   [  31% ] 059/100 VUs  03m04.9s/10m00.0s

running (03m05.9s), 059/100 VUs, 1847 complete and 0 interrupted iterations
comprehensive_load   [  31% ] 059/100 VUs  03m05.9s/10m00.0s

running (03m06.9s), 059/100 VUs, 1860 complete and 0 interrupted iterations
comprehensive_load   [  31% ] 059/100 VUs  03m06.9s/10m00.0s

running (03m07.9s), 059/100 VUs, 1873 complete and 0 interrupted iterations
comprehensive_load   [  31% ] 059/100 VUs  03m07.9s/10m00.0s

running (03m08.9s), 059/100 VUs, 1884 complete and 0 interrupted iterations
comprehensive_load   [  31% ] 059/100 VUs  03m08.9s/10m00.0s

running (03m09.9s), 059/100 VUs, 1897 complete and 0 interrupted iterations
comprehensive_load   [  32% ] 059/100 VUs  03m09.9s/10m00.0s

running (03m10.9s), 059/100 VUs, 1909 complete and 0 interrupted iterations
comprehensive_load   [  32% ] 059/100 VUs  03m10.9s/10m00.0s

running (03m11.9s), 059/100 VUs, 1921 complete and 0 interrupted iterations
comprehensive_load   [  32% ] 059/100 VUs  03m11.9s/10m00.0s

running (03m12.9s), 060/100 VUs, 1932 complete and 0 interrupted iterations
comprehensive_load   [  32% ] 060/100 VUs  03m12.9s/10m00.0s

running (03m13.9s), 060/100 VUs, 1944 complete and 0 interrupted iterations
comprehensive_load   [  32% ] 060/100 VUs  03m13.9s/10m00.0s

running (03m14.9s), 060/100 VUs, 1957 complete and 0 interrupted iterations
comprehensive_load   [  32% ] 060/100 VUs  03m14.9s/10m00.0s

running (03m15.9s), 060/100 VUs, 1970 complete and 0 interrupted iterations
comprehensive_load   [  33% ] 060/100 VUs  03m15.9s/10m00.0s

running (03m16.9s), 060/100 VUs, 1982 complete and 0 interrupted iterations
comprehensive_load   [  33% ] 060/100 VUs  03m16.9s/10m00.0s

running (03m17.9s), 060/100 VUs, 1995 complete and 0 interrupted iterations
comprehensive_load   [  33% ] 060/100 VUs  03m17.9s/10m00.0s

running (03m18.9s), 060/100 VUs, 2006 complete and 0 interrupted iterations
comprehensive_load   [  33% ] 060/100 VUs  03m18.9s/10m00.0s

running (03m19.9s), 061/100 VUs, 2019 complete and 0 interrupted iterations
comprehensive_load   [  33% ] 061/100 VUs  03m19.9s/10m00.0s

running (03m20.9s), 061/100 VUs, 2032 complete and 0 interrupted iterations
comprehensive_load   [  33% ] 061/100 VUs  03m20.9s/10m00.0s

running (03m21.9s), 061/100 VUs, 2044 complete and 0 interrupted iterations
comprehensive_load   [  34% ] 061/100 VUs  03m21.9s/10m00.0s

running (03m22.9s), 061/100 VUs, 2057 complete and 0 interrupted iterations
comprehensive_load   [  34% ] 061/100 VUs  03m22.9s/10m00.0s

running (03m23.9s), 061/100 VUs, 2069 complete and 0 interrupted iterations
comprehensive_load   [  34% ] 061/100 VUs  03m23.9s/10m00.0s

running (03m24.9s), 061/100 VUs, 2081 complete and 0 interrupted iterations
comprehensive_load   [  34% ] 061/100 VUs  03m24.9s/10m00.0s

running (03m25.9s), 061/100 VUs, 2094 complete and 0 interrupted iterations
comprehensive_load   [  34% ] 061/100 VUs  03m25.9s/10m00.0s

running (03m26.9s), 062/100 VUs, 2106 complete and 0 interrupted iterations
comprehensive_load   [  34% ] 062/100 VUs  03m26.9s/10m00.0s

running (03m27.9s), 062/100 VUs, 2118 complete and 0 interrupted iterations
comprehensive_load   [  35% ] 062/100 VUs  03m27.9s/10m00.0s

running (03m28.9s), 062/100 VUs, 2130 complete and 0 interrupted iterations
comprehensive_load   [  35% ] 062/100 VUs  03m28.9s/10m00.0s

running (03m29.9s), 062/100 VUs, 2142 complete and 0 interrupted iterations
comprehensive_load   [  35% ] 062/100 VUs  03m29.9s/10m00.0s

running (03m31.0s), 062/100 VUs, 2155 complete and 0 interrupted iterations
comprehensive_load   [  35% ] 062/100 VUs  03m31.0s/10m00.0s

running (03m31.9s), 062/100 VUs, 2166 complete and 0 interrupted iterations
comprehensive_load   [  35% ] 062/100 VUs  03m31.9s/10m00.0s

running (03m32.9s), 062/100 VUs, 2179 complete and 0 interrupted iterations
comprehensive_load   [  35% ] 062/100 VUs  03m32.9s/10m00.0s

running (03m33.9s), 063/100 VUs, 2191 complete and 0 interrupted iterations
comprehensive_load   [  36% ] 063/100 VUs  03m33.9s/10m00.0s

running (03m34.9s), 063/100 VUs, 2204 complete and 0 interrupted iterations
comprehensive_load   [  36% ] 063/100 VUs  03m34.9s/10m00.0s

running (03m35.9s), 063/100 VUs, 2217 complete and 0 interrupted iterations
comprehensive_load   [  36% ] 063/100 VUs  03m35.9s/10m00.0s

running (03m36.9s), 063/100 VUs, 2229 complete and 0 interrupted iterations
comprehensive_load   [  36% ] 063/100 VUs  03m36.9s/10m00.0s

running (03m37.9s), 063/100 VUs, 2241 complete and 0 interrupted iterations
comprehensive_load   [  36% ] 063/100 VUs  03m37.9s/10m00.0s

running (03m38.9s), 063/100 VUs, 2254 complete and 0 interrupted iterations
comprehensive_load   [  36% ] 063/100 VUs  03m38.9s/10m00.0s

running (03m39.9s), 063/100 VUs, 2263 complete and 0 interrupted iterations
comprehensive_load   [  37% ] 063/100 VUs  03m39.9s/10m00.0s

running (03m40.9s), 064/100 VUs, 2273 complete and 0 interrupted iterations
comprehensive_load   [  37% ] 064/100 VUs  03m40.9s/10m00.0s

running (03m41.9s), 064/100 VUs, 2285 complete and 0 interrupted iterations
comprehensive_load   [  37% ] 064/100 VUs  03m41.9s/10m00.0s

running (03m42.9s), 064/100 VUs, 2296 complete and 0 interrupted iterations
comprehensive_load   [  37% ] 064/100 VUs  03m42.9s/10m00.0s

running (03m43.9s), 064/100 VUs, 2308 complete and 0 interrupted iterations
comprehensive_load   [  37% ] 064/100 VUs  03m43.9s/10m00.0s

running (03m44.9s), 064/100 VUs, 2322 complete and 0 interrupted iterations
comprehensive_load   [  37% ] 064/100 VUs  03m44.9s/10m00.0s

running (03m45.9s), 064/100 VUs, 2334 complete and 0 interrupted iterations
comprehensive_load   [  38% ] 064/100 VUs  03m45.9s/10m00.0s

running (03m46.9s), 064/100 VUs, 2347 complete and 0 interrupted iterations
comprehensive_load   [  38% ] 064/100 VUs  03m46.9s/10m00.0s

running (03m47.9s), 064/100 VUs, 2359 complete and 0 interrupted iterations
comprehensive_load   [  38% ] 064/100 VUs  03m47.9s/10m00.0s

running (03m48.9s), 065/100 VUs, 2370 complete and 0 interrupted iterations
comprehensive_load   [  38% ] 065/100 VUs  03m48.9s/10m00.0s

running (03m49.9s), 065/100 VUs, 2381 complete and 0 interrupted iterations
comprehensive_load   [  38% ] 065/100 VUs  03m49.9s/10m00.0s

running (03m50.9s), 065/100 VUs, 2391 complete and 0 interrupted iterations
comprehensive_load   [  38% ] 065/100 VUs  03m50.9s/10m00.0s

running (03m51.9s), 065/100 VUs, 2403 complete and 0 interrupted iterations
comprehensive_load   [  39% ] 065/100 VUs  03m51.9s/10m00.0s

running (03m52.9s), 065/100 VUs, 2415 complete and 0 interrupted iterations
comprehensive_load   [  39% ] 065/100 VUs  03m52.9s/10m00.0s

running (03m53.9s), 065/100 VUs, 2429 complete and 0 interrupted iterations
comprehensive_load   [  39% ] 065/100 VUs  03m53.9s/10m00.0s

running (03m54.9s), 065/100 VUs, 2442 complete and 0 interrupted iterations
comprehensive_load   [  39% ] 065/100 VUs  03m54.9s/10m00.0s

running (03m55.9s), 066/100 VUs, 2454 complete and 0 interrupted iterations
comprehensive_load   [  39% ] 066/100 VUs  03m55.9s/10m00.0s

running (03m56.9s), 066/100 VUs, 2464 complete and 0 interrupted iterations
comprehensive_load   [  39% ] 066/100 VUs  03m56.9s/10m00.0s

running (03m57.9s), 066/100 VUs, 2476 complete and 0 interrupted iterations
comprehensive_load   [  40% ] 066/100 VUs  03m57.9s/10m00.0s

running (03m58.9s), 066/100 VUs, 2490 complete and 0 interrupted iterations
comprehensive_load   [  40% ] 066/100 VUs  03m58.9s/10m00.0s

running (03m59.9s), 066/100 VUs, 2503 complete and 0 interrupted iterations
comprehensive_load   [  40% ] 066/100 VUs  03m59.9s/10m00.0s

running (04m00.9s), 066/100 VUs, 2514 complete and 0 interrupted iterations
comprehensive_load   [  40% ] 066/100 VUs  04m00.9s/10m00.0s

running (04m01.9s), 066/100 VUs, 2525 complete and 0 interrupted iterations
comprehensive_load   [  40% ] 066/100 VUs  04m01.9s/10m00.0s

running (04m02.9s), 067/100 VUs, 2537 complete and 0 interrupted iterations
comprehensive_load   [  40% ] 067/100 VUs  04m02.9s/10m00.0s

running (04m03.9s), 067/100 VUs, 2550 complete and 0 interrupted iterations
comprehensive_load   [  41% ] 067/100 VUs  04m03.9s/10m00.0s

running (04m04.9s), 067/100 VUs, 2563 complete and 0 interrupted iterations
comprehensive_load   [  41% ] 067/100 VUs  04m04.9s/10m00.0s

running (04m05.9s), 067/100 VUs, 2576 complete and 0 interrupted iterations
comprehensive_load   [  41% ] 067/100 VUs  04m05.9s/10m00.0s

running (04m06.9s), 067/100 VUs, 2588 complete and 0 interrupted iterations
comprehensive_load   [  41% ] 067/100 VUs  04m06.9s/10m00.0s

running (04m07.9s), 067/100 VUs, 2600 complete and 0 interrupted iterations
comprehensive_load   [  41% ] 067/100 VUs  04m07.9s/10m00.0s

running (04m08.9s), 067/100 VUs, 2612 complete and 0 interrupted iterations
comprehensive_load   [  41% ] 067/100 VUs  04m08.9s/10m00.0s

running (04m09.9s), 068/100 VUs, 2625 complete and 0 interrupted iterations
comprehensive_load   [  42% ] 068/100 VUs  04m09.9s/10m00.0s

running (04m10.9s), 068/100 VUs, 2636 complete and 0 interrupted iterations
comprehensive_load   [  42% ] 068/100 VUs  04m10.9s/10m00.0s

running (04m11.9s), 068/100 VUs, 2649 complete and 0 interrupted iterations
comprehensive_load   [  42% ] 068/100 VUs  04m11.9s/10m00.0s

running (04m12.9s), 068/100 VUs, 2661 complete and 0 interrupted iterations
comprehensive_load   [  42% ] 068/100 VUs  04m12.9s/10m00.0s

running (04m13.9s), 068/100 VUs, 2674 complete and 0 interrupted iterations
comprehensive_load   [  42% ] 068/100 VUs  04m13.9s/10m00.0s

running (04m14.9s), 068/100 VUs, 2687 complete and 0 interrupted iterations
comprehensive_load   [  42% ] 068/100 VUs  04m14.9s/10m00.0s

running (04m15.9s), 068/100 VUs, 2698 complete and 0 interrupted iterations
comprehensive_load   [  43% ] 068/100 VUs  04m15.9s/10m00.0s

running (04m16.9s), 069/100 VUs, 2711 complete and 0 interrupted iterations
comprehensive_load   [  43% ] 069/100 VUs  04m16.9s/10m00.0s

running (04m17.9s), 069/100 VUs, 2723 complete and 0 interrupted iterations
comprehensive_load   [  43% ] 069/100 VUs  04m17.9s/10m00.0s

running (04m18.9s), 069/100 VUs, 2734 complete and 0 interrupted iterations
comprehensive_load   [  43% ] 069/100 VUs  04m18.9s/10m00.0s

running (04m19.9s), 069/100 VUs, 2746 complete and 0 interrupted iterations
comprehensive_load   [  43% ] 069/100 VUs  04m19.9s/10m00.0s

running (04m20.9s), 069/100 VUs, 2759 complete and 0 interrupted iterations
comprehensive_load   [  43% ] 069/100 VUs  04m20.9s/10m00.0s

running (04m21.9s), 069/100 VUs, 2769 complete and 0 interrupted iterations
comprehensive_load   [  44% ] 069/100 VUs  04m21.9s/10m00.0s

running (04m22.9s), 069/100 VUs, 2783 complete and 0 interrupted iterations
comprehensive_load   [  44% ] 069/100 VUs  04m22.9s/10m00.0s

running (04m23.9s), 069/100 VUs, 2796 complete and 0 interrupted iterations
comprehensive_load   [  44% ] 069/100 VUs  04m23.9s/10m00.0s

running (04m24.9s), 070/100 VUs, 2809 complete and 0 interrupted iterations
comprehensive_load   [  44% ] 070/100 VUs  04m24.9s/10m00.0s

running (04m25.9s), 070/100 VUs, 2821 complete and 0 interrupted iterations
comprehensive_load   [  44% ] 070/100 VUs  04m25.9s/10m00.0s

running (04m26.9s), 070/100 VUs, 2831 complete and 0 interrupted iterations
comprehensive_load   [  44% ] 070/100 VUs  04m26.9s/10m00.0s

running (04m27.9s), 070/100 VUs, 2844 complete and 0 interrupted iterations
comprehensive_load   [  45% ] 070/100 VUs  04m27.9s/10m00.0s

running (04m28.9s), 070/100 VUs, 2857 complete and 0 interrupted iterations
comprehensive_load   [  45% ] 070/100 VUs  04m28.9s/10m00.0s

running (04m29.9s), 070/100 VUs, 2869 complete and 0 interrupted iterations
comprehensive_load   [  45% ] 070/100 VUs  04m29.9s/10m00.0s

running (04m30.9s), 070/100 VUs, 2882 complete and 0 interrupted iterations
comprehensive_load   [  45% ] 070/100 VUs  04m30.9s/10m00.0s

running (04m31.9s), 071/100 VUs, 2894 complete and 0 interrupted iterations
comprehensive_load   [  45% ] 071/100 VUs  04m31.9s/10m00.0s

running (04m32.9s), 071/100 VUs, 2907 complete and 0 interrupted iterations
comprehensive_load   [  45% ] 071/100 VUs  04m32.9s/10m00.0s

running (04m33.9s), 071/100 VUs, 2919 complete and 0 interrupted iterations
comprehensive_load   [  46% ] 071/100 VUs  04m33.9s/10m00.0s

running (04m34.9s), 071/100 VUs, 2931 complete and 0 interrupted iterations
comprehensive_load   [  46% ] 071/100 VUs  04m34.9s/10m00.0s

running (04m35.9s), 071/100 VUs, 2944 complete and 0 interrupted iterations
comprehensive_load   [  46% ] 071/100 VUs  04m35.9s/10m00.0s

running (04m36.9s), 071/100 VUs, 2956 complete and 0 interrupted iterations
comprehensive_load   [  46% ] 071/100 VUs  04m36.9s/10m00.0s

running (04m37.9s), 071/100 VUs, 2969 complete and 0 interrupted iterations
comprehensive_load   [  46% ] 071/100 VUs  04m37.9s/10m00.0s

running (04m38.9s), 072/100 VUs, 2981 complete and 0 interrupted iterations
comprehensive_load   [  46% ] 072/100 VUs  04m38.9s/10m00.0s

running (04m39.9s), 072/100 VUs, 2994 complete and 0 interrupted iterations
comprehensive_load   [  47% ] 072/100 VUs  04m39.9s/10m00.0s

running (04m40.9s), 072/100 VUs, 3005 complete and 0 interrupted iterations
comprehensive_load   [  47% ] 072/100 VUs  04m40.9s/10m00.0s

running (04m41.9s), 072/100 VUs, 3017 complete and 0 interrupted iterations
comprehensive_load   [  47% ] 072/100 VUs  04m41.9s/10m00.0s

running (04m42.9s), 072/100 VUs, 3029 complete and 0 interrupted iterations
comprehensive_load   [  47% ] 072/100 VUs  04m42.9s/10m00.0s

running (04m43.9s), 072/100 VUs, 3041 complete and 0 interrupted iterations
comprehensive_load   [  47% ] 072/100 VUs  04m43.9s/10m00.0s

running (04m44.9s), 072/100 VUs, 3053 complete and 0 interrupted iterations
comprehensive_load   [  47% ] 072/100 VUs  04m44.9s/10m00.0s

running (04m45.9s), 073/100 VUs, 3065 complete and 0 interrupted iterations
comprehensive_load   [  48% ] 073/100 VUs  04m45.9s/10m00.0s

running (04m46.9s), 073/100 VUs, 3077 complete and 0 interrupted iterations
comprehensive_load   [  48% ] 073/100 VUs  04m46.9s/10m00.0s

running (04m47.9s), 073/100 VUs, 3087 complete and 0 interrupted iterations
comprehensive_load   [  48% ] 073/100 VUs  04m47.9s/10m00.0s

running (04m48.9s), 073/100 VUs, 3097 complete and 0 interrupted iterations
comprehensive_load   [  48% ] 073/100 VUs  04m48.9s/10m00.0s

running (04m49.9s), 073/100 VUs, 3109 complete and 0 interrupted iterations
comprehensive_load   [  48% ] 073/100 VUs  04m49.9s/10m00.0s

running (04m50.9s), 073/100 VUs, 3121 complete and 0 interrupted iterations
comprehensive_load   [  48% ] 073/100 VUs  04m50.9s/10m00.0s

running (04m51.9s), 073/100 VUs, 3132 complete and 0 interrupted iterations
comprehensive_load   [  49% ] 073/100 VUs  04m51.9s/10m00.0s

running (04m52.9s), 074/100 VUs, 3145 complete and 0 interrupted iterations
comprehensive_load   [  49% ] 074/100 VUs  04m52.9s/10m00.0s

running (04m53.9s), 074/100 VUs, 3157 complete and 0 interrupted iterations
comprehensive_load   [  49% ] 074/100 VUs  04m53.9s/10m00.0s

running (04m54.9s), 074/100 VUs, 3170 complete and 0 interrupted iterations
comprehensive_load   [  49% ] 074/100 VUs  04m54.9s/10m00.0s

running (04m55.9s), 074/100 VUs, 3182 complete and 0 interrupted iterations
comprehensive_load   [  49% ] 074/100 VUs  04m55.9s/10m00.0s

running (04m56.9s), 074/100 VUs, 3186 complete and 0 interrupted iterations
comprehensive_load   [  49% ] 074/100 VUs  04m56.9s/10m00.0s

running (04m57.9s), 074/100 VUs, 3193 complete and 0 interrupted iterations
comprehensive_load   [  50% ] 074/100 VUs  04m57.9s/10m00.0s

running (04m58.9s), 074/100 VUs, 3197 complete and 0 interrupted iterations
comprehensive_load   [  50% ] 074/100 VUs  04m58.9s/10m00.0s

running (04m59.9s), 074/100 VUs, 3199 complete and 0 interrupted iterations
comprehensive_load   [  50% ] 074/100 VUs  04m59.9s/10m00.0s

running (05m00.9s), 075/100 VUs, 3204 complete and 0 interrupted iterations
comprehensive_load   [  50% ] 075/100 VUs  05m00.9s/10m00.0s

running (05m01.9s), 075/100 VUs, 3214 complete and 0 interrupted iterations
comprehensive_load   [  50% ] 075/100 VUs  05m01.9s/10m00.0s

running (05m02.9s), 075/100 VUs, 3224 complete and 0 interrupted iterations
comprehensive_load   [  50% ] 075/100 VUs  05m02.9s/10m00.0s

running (05m03.9s), 075/100 VUs, 3235 complete and 0 interrupted iterations
comprehensive_load   [  51% ] 075/100 VUs  05m03.9s/10m00.0s

running (05m04.9s), 075/100 VUs, 3248 complete and 0 interrupted iterations
comprehensive_load   [  51% ] 075/100 VUs  05m04.9s/10m00.0s

running (05m05.9s), 075/100 VUs, 3261 complete and 0 interrupted iterations
comprehensive_load   [  51% ] 075/100 VUs  05m05.9s/10m00.0s

running (05m06.9s), 075/100 VUs, 3275 complete and 0 interrupted iterations
comprehensive_load   [  51% ] 075/100 VUs  05m06.9s/10m00.0s

running (05m07.9s), 076/100 VUs, 3284 complete and 0 interrupted iterations
comprehensive_load   [  51% ] 076/100 VUs  05m07.9s/10m00.0s

running (05m08.9s), 076/100 VUs, 3296 complete and 0 interrupted iterations
comprehensive_load   [  51% ] 076/100 VUs  05m08.9s/10m00.0s

running (05m09.9s), 076/100 VUs, 3309 complete and 0 interrupted iterations
comprehensive_load   [  52% ] 076/100 VUs  05m09.9s/10m00.0s

running (05m10.9s), 076/100 VUs, 3321 complete and 0 interrupted iterations
comprehensive_load   [  52% ] 076/100 VUs  05m10.9s/10m00.0s

running (05m11.9s), 076/100 VUs, 3335 complete and 0 interrupted iterations
comprehensive_load   [  52% ] 076/100 VUs  05m11.9s/10m00.0s

running (05m12.9s), 076/100 VUs, 3346 complete and 0 interrupted iterations
comprehensive_load   [  52% ] 076/100 VUs  05m12.9s/10m00.0s

running (05m13.9s), 076/100 VUs, 3358 complete and 0 interrupted iterations
comprehensive_load   [  52% ] 076/100 VUs  05m13.9s/10m00.0s

running (05m14.9s), 077/100 VUs, 3370 complete and 0 interrupted iterations
comprehensive_load   [  52% ] 077/100 VUs  05m14.9s/10m00.0s

running (05m15.9s), 077/100 VUs, 3383 complete and 0 interrupted iterations
comprehensive_load   [  53% ] 077/100 VUs  05m15.9s/10m00.0s

running (05m16.9s), 077/100 VUs, 3396 complete and 0 interrupted iterations
comprehensive_load   [  53% ] 077/100 VUs  05m16.9s/10m00.0s

running (05m18.0s), 077/100 VUs, 3408 complete and 0 interrupted iterations
comprehensive_load   [  53% ] 077/100 VUs  05m18.0s/10m00.0s

running (05m18.9s), 077/100 VUs, 3420 complete and 0 interrupted iterations
comprehensive_load   [  53% ] 077/100 VUs  05m18.9s/10m00.0s

running (05m19.9s), 077/100 VUs, 3430 complete and 0 interrupted iterations
comprehensive_load   [  53% ] 077/100 VUs  05m19.9s/10m00.0s

running (05m20.9s), 077/100 VUs, 3442 complete and 0 interrupted iterations
comprehensive_load   [  53% ] 077/100 VUs  05m20.9s/10m00.0s

running (05m21.9s), 078/100 VUs, 3455 complete and 0 interrupted iterations
comprehensive_load   [  54% ] 078/100 VUs  05m21.9s/10m00.0s

running (05m22.9s), 078/100 VUs, 3469 complete and 0 interrupted iterations
comprehensive_load   [  54% ] 078/100 VUs  05m22.9s/10m00.0s

running (05m23.9s), 078/100 VUs, 3481 complete and 0 interrupted iterations
comprehensive_load   [  54% ] 078/100 VUs  05m23.9s/10m00.0s

running (05m24.9s), 078/100 VUs, 3492 complete and 0 interrupted iterations
comprehensive_load   [  54% ] 078/100 VUs  05m24.9s/10m00.0s

running (05m25.9s), 078/100 VUs, 3503 complete and 0 interrupted iterations
comprehensive_load   [  54% ] 078/100 VUs  05m25.9s/10m00.0s

running (05m26.9s), 078/100 VUs, 3507 complete and 0 interrupted iterations
comprehensive_load   [  54% ] 078/100 VUs  05m26.9s/10m00.0s

running (05m27.9s), 078/100 VUs, 3519 complete and 0 interrupted iterations
comprehensive_load   [  55% ] 078/100 VUs  05m27.9s/10m00.0s

running (05m28.9s), 079/100 VUs, 3527 complete and 0 interrupted iterations
comprehensive_load   [  55% ] 079/100 VUs  05m28.9s/10m00.0s

running (05m29.9s), 079/100 VUs, 3527 complete and 0 interrupted iterations
comprehensive_load   [  55% ] 079/100 VUs  05m29.9s/10m00.0s

running (05m30.9s), 079/100 VUs, 3532 complete and 0 interrupted iterations
comprehensive_load   [  55% ] 079/100 VUs  05m30.9s/10m00.0s

running (05m31.9s), 079/100 VUs, 3544 complete and 0 interrupted iterations
comprehensive_load   [  55% ] 079/100 VUs  05m31.9s/10m00.0s

running (05m32.9s), 079/100 VUs, 3556 complete and 0 interrupted iterations
comprehensive_load   [  55% ] 079/100 VUs  05m32.9s/10m00.0s

running (05m33.9s), 079/100 VUs, 3571 complete and 0 interrupted iterations
comprehensive_load   [  56% ] 079/100 VUs  05m33.9s/10m00.0s

running (05m34.9s), 079/100 VUs, 3583 complete and 0 interrupted iterations
comprehensive_load   [  56% ] 079/100 VUs  05m34.9s/10m00.0s

running (05m35.9s), 079/100 VUs, 3591 complete and 0 interrupted iterations
comprehensive_load   [  56% ] 079/100 VUs  05m35.9s/10m00.0s

running (05m36.9s), 080/100 VUs, 3600 complete and 0 interrupted iterations
comprehensive_load   [  56% ] 080/100 VUs  05m36.9s/10m00.0s

running (05m37.9s), 080/100 VUs, 3613 complete and 0 interrupted iterations
comprehensive_load   [  56% ] 080/100 VUs  05m37.9s/10m00.0s

running (05m38.9s), 080/100 VUs, 3626 complete and 0 interrupted iterations
comprehensive_load   [  56% ] 080/100 VUs  05m38.9s/10m00.0s

running (05m39.9s), 080/100 VUs, 3640 complete and 0 interrupted iterations
comprehensive_load   [  57% ] 080/100 VUs  05m39.9s/10m00.0s

running (05m40.9s), 080/100 VUs, 3652 complete and 0 interrupted iterations
comprehensive_load   [  57% ] 080/100 VUs  05m40.9s/10m00.0s

running (05m41.9s), 080/100 VUs, 3662 complete and 0 interrupted iterations
comprehensive_load   [  57% ] 080/100 VUs  05m41.9s/10m00.0s

running (05m42.9s), 080/100 VUs, 3670 complete and 0 interrupted iterations
comprehensive_load   [  57% ] 080/100 VUs  05m42.9s/10m00.0s

running (05m43.9s), 081/100 VUs, 3681 complete and 0 interrupted iterations
comprehensive_load   [  57% ] 081/100 VUs  05m43.9s/10m00.0s

running (05m44.9s), 081/100 VUs, 3696 complete and 0 interrupted iterations
comprehensive_load   [  57% ] 081/100 VUs  05m44.9s/10m00.0s

running (05m45.9s), 081/100 VUs, 3711 complete and 0 interrupted iterations
comprehensive_load   [  58% ] 081/100 VUs  05m45.9s/10m00.0s

running (05m46.9s), 081/100 VUs, 3723 complete and 0 interrupted iterations
comprehensive_load   [  58% ] 081/100 VUs  05m46.9s/10m00.0s

running (05m47.9s), 081/100 VUs, 3734 complete and 0 interrupted iterations
comprehensive_load   [  58% ] 081/100 VUs  05m47.9s/10m00.0s

running (05m48.9s), 081/100 VUs, 3744 complete and 0 interrupted iterations
comprehensive_load   [  58% ] 081/100 VUs  05m48.9s/10m00.0s

running (05m49.9s), 081/100 VUs, 3756 complete and 0 interrupted iterations
comprehensive_load   [  58% ] 081/100 VUs  05m49.9s/10m00.0s

running (05m50.9s), 082/100 VUs, 3769 complete and 0 interrupted iterations
comprehensive_load   [  58% ] 082/100 VUs  05m50.9s/10m00.0s

running (05m51.9s), 082/100 VUs, 3784 complete and 0 interrupted iterations
comprehensive_load   [  59% ] 082/100 VUs  05m51.9s/10m00.0s

running (05m52.9s), 082/100 VUs, 3796 complete and 0 interrupted iterations
comprehensive_load   [  59% ] 082/100 VUs  05m52.9s/10m00.0s

running (05m53.9s), 082/100 VUs, 3807 complete and 0 interrupted iterations
comprehensive_load   [  59% ] 082/100 VUs  05m53.9s/10m00.0s

running (05m54.9s), 082/100 VUs, 3817 complete and 0 interrupted iterations
comprehensive_load   [  59% ] 082/100 VUs  05m54.9s/10m00.0s

running (05m55.9s), 082/100 VUs, 3830 complete and 0 interrupted iterations
comprehensive_load   [  59% ] 082/100 VUs  05m55.9s/10m00.0s

running (05m56.9s), 082/100 VUs, 3844 complete and 0 interrupted iterations
comprehensive_load   [  59% ] 082/100 VUs  05m56.9s/10m00.0s

running (05m57.9s), 083/100 VUs, 3858 complete and 0 interrupted iterations
comprehensive_load   [  60% ] 083/100 VUs  05m57.9s/10m00.0s

running (05m58.9s), 083/100 VUs, 3871 complete and 0 interrupted iterations
comprehensive_load   [  60% ] 083/100 VUs  05m58.9s/10m00.0s

running (05m59.9s), 083/100 VUs, 3881 complete and 0 interrupted iterations
comprehensive_load   [  60% ] 083/100 VUs  05m59.9s/10m00.0s

running (06m00.9s), 083/100 VUs, 3891 complete and 0 interrupted iterations
comprehensive_load   [  60% ] 083/100 VUs  06m00.9s/10m00.0s

running (06m01.9s), 083/100 VUs, 3903 complete and 0 interrupted iterations
comprehensive_load   [  60% ] 083/100 VUs  06m01.9s/10m00.0s

running (06m02.9s), 083/100 VUs, 3916 complete and 0 interrupted iterations
comprehensive_load   [  60% ] 083/100 VUs  06m02.9s/10m00.0s

running (06m03.9s), 083/100 VUs, 3930 complete and 0 interrupted iterations
comprehensive_load   [  61% ] 083/100 VUs  06m03.9s/10m00.0s

running (06m04.9s), 084/100 VUs, 3944 complete and 0 interrupted iterations
comprehensive_load   [  61% ] 084/100 VUs  06m04.9s/10m00.0s

running (06m05.9s), 084/100 VUs, 3952 complete and 0 interrupted iterations
comprehensive_load   [  61% ] 084/100 VUs  06m05.9s/10m00.0s

running (06m06.9s), 084/100 VUs, 3955 complete and 0 interrupted iterations
comprehensive_load   [  61% ] 084/100 VUs  06m06.9s/10m00.0s

running (06m07.9s), 084/100 VUs, 3958 complete and 0 interrupted iterations
comprehensive_load   [  61% ] 084/100 VUs  06m07.9s/10m00.0s

running (06m08.9s), 084/100 VUs, 3962 complete and 0 interrupted iterations
comprehensive_load   [  61% ] 084/100 VUs  06m08.9s/10m00.0s

running (06m09.9s), 084/100 VUs, 3966 complete and 0 interrupted iterations
comprehensive_load   [  62% ] 084/100 VUs  06m09.9s/10m00.0s

running (06m10.9s), 084/100 VUs, 3978 complete and 0 interrupted iterations
comprehensive_load   [  62% ] 084/100 VUs  06m10.9s/10m00.0s

running (06m11.9s), 084/100 VUs, 3991 complete and 0 interrupted iterations
comprehensive_load   [  62% ] 084/100 VUs  06m11.9s/10m00.0s

running (06m12.9s), 085/100 VUs, 4004 complete and 0 interrupted iterations
comprehensive_load   [  62% ] 085/100 VUs  06m12.9s/10m00.0s

running (06m13.9s), 085/100 VUs, 4017 complete and 0 interrupted iterations
comprehensive_load   [  62% ] 085/100 VUs  06m13.9s/10m00.0s

running (06m14.9s), 085/100 VUs, 4032 complete and 0 interrupted iterations
comprehensive_load   [  62% ] 085/100 VUs  06m14.9s/10m00.0s

running (06m15.9s), 085/100 VUs, 4044 complete and 0 interrupted iterations
comprehensive_load   [  63% ] 085/100 VUs  06m15.9s/10m00.0s

running (06m16.9s), 085/100 VUs, 4052 complete and 0 interrupted iterations
comprehensive_load   [  63% ] 085/100 VUs  06m16.9s/10m00.0s

running (06m17.9s), 085/100 VUs, 4065 complete and 0 interrupted iterations
comprehensive_load   [  63% ] 085/100 VUs  06m17.9s/10m00.0s

running (06m18.9s), 085/100 VUs, 4078 complete and 0 interrupted iterations
comprehensive_load   [  63% ] 085/100 VUs  06m18.9s/10m00.0s

running (06m19.9s), 086/100 VUs, 4092 complete and 0 interrupted iterations
comprehensive_load   [  63% ] 086/100 VUs  06m19.9s/10m00.0s

running (06m20.9s), 086/100 VUs, 4107 complete and 0 interrupted iterations
comprehensive_load   [  63% ] 086/100 VUs  06m20.9s/10m00.0s

running (06m21.9s), 086/100 VUs, 4119 complete and 0 interrupted iterations
comprehensive_load   [  64% ] 086/100 VUs  06m21.9s/10m00.0s

running (06m22.9s), 086/100 VUs, 4128 complete and 0 interrupted iterations
comprehensive_load   [  64% ] 086/100 VUs  06m22.9s/10m00.0s

running (06m23.9s), 086/100 VUs, 4138 complete and 0 interrupted iterations
comprehensive_load   [  64% ] 086/100 VUs  06m23.9s/10m00.0s

running (06m24.9s), 086/100 VUs, 4151 complete and 0 interrupted iterations
comprehensive_load   [  64% ] 086/100 VUs  06m24.9s/10m00.0s

running (06m25.9s), 086/100 VUs, 4164 complete and 0 interrupted iterations
comprehensive_load   [  64% ] 086/100 VUs  06m25.9s/10m00.0s

running (06m26.9s), 087/100 VUs, 4179 complete and 0 interrupted iterations
comprehensive_load   [  64% ] 087/100 VUs  06m26.9s/10m00.0s

running (06m27.9s), 087/100 VUs, 4192 complete and 0 interrupted iterations
comprehensive_load   [  65% ] 087/100 VUs  06m27.9s/10m00.0s

running (06m28.9s), 087/100 VUs, 4204 complete and 0 interrupted iterations
comprehensive_load   [  65% ] 087/100 VUs  06m28.9s/10m00.0s

running (06m29.9s), 087/100 VUs, 4214 complete and 0 interrupted iterations
comprehensive_load   [  65% ] 087/100 VUs  06m29.9s/10m00.0s

running (06m30.9s), 087/100 VUs, 4224 complete and 0 interrupted iterations
comprehensive_load   [  65% ] 087/100 VUs  06m30.9s/10m00.0s

running (06m31.9s), 087/100 VUs, 4236 complete and 0 interrupted iterations
comprehensive_load   [  65% ] 087/100 VUs  06m31.9s/10m00.0s

running (06m32.9s), 087/100 VUs, 4251 complete and 0 interrupted iterations
comprehensive_load   [  65% ] 087/100 VUs  06m32.9s/10m00.0s

running (06m33.9s), 088/100 VUs, 4264 complete and 0 interrupted iterations
comprehensive_load   [  66% ] 088/100 VUs  06m33.9s/10m00.0s

running (06m34.9s), 088/100 VUs, 4276 complete and 0 interrupted iterations
comprehensive_load   [  66% ] 088/100 VUs  06m34.9s/10m00.0s

running (06m35.9s), 088/100 VUs, 4287 complete and 0 interrupted iterations
comprehensive_load   [  66% ] 088/100 VUs  06m35.9s/10m00.0s

running (06m36.9s), 088/100 VUs, 4298 complete and 0 interrupted iterations
comprehensive_load   [  66% ] 088/100 VUs  06m36.9s/10m00.0s

running (06m37.9s), 088/100 VUs, 4311 complete and 0 interrupted iterations
comprehensive_load   [  66% ] 088/100 VUs  06m37.9s/10m00.0s

running (06m38.9s), 088/100 VUs, 4324 complete and 0 interrupted iterations
comprehensive_load   [  66% ] 088/100 VUs  06m38.9s/10m00.0s

running (06m39.9s), 088/100 VUs, 4337 complete and 0 interrupted iterations
comprehensive_load   [  67% ] 088/100 VUs  06m39.9s/10m00.0s

running (06m40.9s), 089/100 VUs, 4349 complete and 0 interrupted iterations
comprehensive_load   [  67% ] 089/100 VUs  06m40.9s/10m00.0s

running (06m41.9s), 089/100 VUs, 4361 complete and 0 interrupted iterations
comprehensive_load   [  67% ] 089/100 VUs  06m41.9s/10m00.0s

running (06m42.9s), 089/100 VUs, 4372 complete and 0 interrupted iterations
comprehensive_load   [  67% ] 089/100 VUs  06m42.9s/10m00.0s

running (06m43.9s), 089/100 VUs, 4384 complete and 0 interrupted iterations
comprehensive_load   [  67% ] 089/100 VUs  06m43.9s/10m00.0s

running (06m44.9s), 089/100 VUs, 4397 complete and 0 interrupted iterations
comprehensive_load   [  67% ] 089/100 VUs  06m44.9s/10m00.0s

running (06m45.9s), 089/100 VUs, 4410 complete and 0 interrupted iterations
comprehensive_load   [  68% ] 089/100 VUs  06m45.9s/10m00.0s

running (06m46.9s), 089/100 VUs, 4424 complete and 0 interrupted iterations
comprehensive_load   [  68% ] 089/100 VUs  06m46.9s/10m00.0s

running (06m47.9s), 089/100 VUs, 4437 complete and 0 interrupted iterations
comprehensive_load   [  68% ] 089/100 VUs  06m47.9s/10m00.0s

running (06m48.9s), 090/100 VUs, 4448 complete and 0 interrupted iterations
comprehensive_load   [  68% ] 090/100 VUs  06m48.9s/10m00.0s

running (06m49.9s), 090/100 VUs, 4459 complete and 0 interrupted iterations
comprehensive_load   [  68% ] 090/100 VUs  06m49.9s/10m00.0s

running (06m50.9s), 090/100 VUs, 4472 complete and 0 interrupted iterations
comprehensive_load   [  68% ] 090/100 VUs  06m50.9s/10m00.0s

running (06m51.9s), 090/100 VUs, 4485 complete and 0 interrupted iterations
comprehensive_load   [  69% ] 090/100 VUs  06m51.9s/10m00.0s

running (06m52.9s), 090/100 VUs, 4498 complete and 0 interrupted iterations
comprehensive_load   [  69% ] 090/100 VUs  06m52.9s/10m00.0s

running (06m53.9s), 090/100 VUs, 4512 complete and 0 interrupted iterations
comprehensive_load   [  69% ] 090/100 VUs  06m53.9s/10m00.0s

running (06m54.9s), 090/100 VUs, 4521 complete and 0 interrupted iterations
comprehensive_load   [  69% ] 090/100 VUs  06m54.9s/10m00.0s

running (06m55.9s), 091/100 VUs, 4532 complete and 0 interrupted iterations
comprehensive_load   [  69% ] 091/100 VUs  06m55.9s/10m00.0s

running (06m56.9s), 091/100 VUs, 4543 complete and 0 interrupted iterations
comprehensive_load   [  69% ] 091/100 VUs  06m56.9s/10m00.0s

running (06m57.9s), 091/100 VUs, 4556 complete and 0 interrupted iterations
comprehensive_load   [  70% ] 091/100 VUs  06m57.9s/10m00.0s

running (06m58.9s), 091/100 VUs, 4568 complete and 0 interrupted iterations
comprehensive_load   [  70% ] 091/100 VUs  06m58.9s/10m00.0s

running (07m00.0s), 091/100 VUs, 4581 complete and 0 interrupted iterations
comprehensive_load   [  70% ] 091/100 VUs  07m00.0s/10m00.0s

running (07m00.9s), 091/100 VUs, 4591 complete and 0 interrupted iterations
comprehensive_load   [  70% ] 091/100 VUs  07m00.9s/10m00.0s

running (07m01.9s), 091/100 VUs, 4604 complete and 0 interrupted iterations
comprehensive_load   [  70% ] 091/100 VUs  07m01.9s/10m00.0s

running (07m02.9s), 092/100 VUs, 4616 complete and 0 interrupted iterations
comprehensive_load   [  70% ] 092/100 VUs  07m02.9s/10m00.0s

running (07m03.9s), 092/100 VUs, 4627 complete and 0 interrupted iterations
comprehensive_load   [  71% ] 092/100 VUs  07m03.9s/10m00.0s

running (07m04.9s), 092/100 VUs, 4638 complete and 0 interrupted iterations
comprehensive_load   [  71% ] 092/100 VUs  07m04.9s/10m00.0s

running (07m05.9s), 092/100 VUs, 4649 complete and 0 interrupted iterations
comprehensive_load   [  71% ] 092/100 VUs  07m05.9s/10m00.0s

running (07m06.9s), 092/100 VUs, 4663 complete and 0 interrupted iterations
comprehensive_load   [  71% ] 092/100 VUs  07m06.9s/10m00.0s

running (07m07.9s), 092/100 VUs, 4673 complete and 0 interrupted iterations
comprehensive_load   [  71% ] 092/100 VUs  07m07.9s/10m00.0s

running (07m08.9s), 092/100 VUs, 4685 complete and 0 interrupted iterations
comprehensive_load   [  71% ] 092/100 VUs  07m08.9s/10m00.0s

running (07m09.9s), 093/100 VUs, 4698 complete and 0 interrupted iterations
comprehensive_load   [  72% ] 093/100 VUs  07m09.9s/10m00.0s

running (07m10.9s), 093/100 VUs, 4711 complete and 0 interrupted iterations
comprehensive_load   [  72% ] 093/100 VUs  07m10.9s/10m00.0s

running (07m11.9s), 093/100 VUs, 4722 complete and 0 interrupted iterations
comprehensive_load   [  72% ] 093/100 VUs  07m11.9s/10m00.0s

running (07m12.9s), 093/100 VUs, 4730 complete and 0 interrupted iterations
comprehensive_load   [  72% ] 093/100 VUs  07m12.9s/10m00.0s

running (07m13.9s), 093/100 VUs, 4741 complete and 0 interrupted iterations
comprehensive_load   [  72% ] 093/100 VUs  07m13.9s/10m00.0s

running (07m14.9s), 093/100 VUs, 4746 complete and 0 interrupted iterations
comprehensive_load   [  72% ] 093/100 VUs  07m14.9s/10m00.0s

running (07m15.9s), 093/100 VUs, 4750 complete and 0 interrupted iterations
comprehensive_load   [  73% ] 093/100 VUs  07m15.9s/10m00.0s

running (07m16.9s), 094/100 VUs, 4753 complete and 0 interrupted iterations
comprehensive_load   [  73% ] 094/100 VUs  07m16.9s/10m00.0s

running (07m17.9s), 094/100 VUs, 4758 complete and 0 interrupted iterations
comprehensive_load   [  73% ] 094/100 VUs  07m17.9s/10m00.0s

running (07m18.9s), 094/100 VUs, 4768 complete and 0 interrupted iterations
comprehensive_load   [  73% ] 094/100 VUs  07m18.9s/10m00.0s

running (07m19.9s), 094/100 VUs, 4779 complete and 0 interrupted iterations
comprehensive_load   [  73% ] 094/100 VUs  07m19.9s/10m00.0s

running (07m20.9s), 094/100 VUs, 4792 complete and 0 interrupted iterations
comprehensive_load   [  73% ] 094/100 VUs  07m20.9s/10m00.0s

running (07m21.9s), 094/100 VUs, 4804 complete and 0 interrupted iterations
comprehensive_load   [  74% ] 094/100 VUs  07m21.9s/10m00.0s

running (07m22.9s), 094/100 VUs, 4817 complete and 0 interrupted iterations
comprehensive_load   [  74% ] 094/100 VUs  07m22.9s/10m00.0s

running (07m23.9s), 094/100 VUs, 4831 complete and 0 interrupted iterations
comprehensive_load   [  74% ] 094/100 VUs  07m23.9s/10m00.0s

running (07m24.9s), 095/100 VUs, 4843 complete and 0 interrupted iterations
comprehensive_load   [  74% ] 095/100 VUs  07m24.9s/10m00.0s

running (07m25.9s), 095/100 VUs, 4854 complete and 0 interrupted iterations
comprehensive_load   [  74% ] 095/100 VUs  07m25.9s/10m00.0s

running (07m26.9s), 095/100 VUs, 4865 complete and 0 interrupted iterations
comprehensive_load   [  74% ] 095/100 VUs  07m26.9s/10m00.0s

running (07m27.9s), 095/100 VUs, 4877 complete and 0 interrupted iterations
comprehensive_load   [  75% ] 095/100 VUs  07m27.9s/10m00.0s

running (07m28.9s), 095/100 VUs, 4888 complete and 0 interrupted iterations
comprehensive_load   [  75% ] 095/100 VUs  07m28.9s/10m00.0s

running (07m29.9s), 095/100 VUs, 4901 complete and 0 interrupted iterations
comprehensive_load   [  75% ] 095/100 VUs  07m29.9s/10m00.0s

running (07m30.9s), 095/100 VUs, 4915 complete and 0 interrupted iterations
comprehensive_load   [  75% ] 095/100 VUs  07m30.9s/10m00.0s

running (07m31.9s), 096/100 VUs, 4928 complete and 0 interrupted iterations
comprehensive_load   [  75% ] 096/100 VUs  07m31.9s/10m00.0s

running (07m32.9s), 096/100 VUs, 4939 complete and 0 interrupted iterations
comprehensive_load   [  75% ] 096/100 VUs  07m32.9s/10m00.0s

running (07m33.9s), 096/100 VUs, 4950 complete and 0 interrupted iterations
comprehensive_load   [  76% ] 096/100 VUs  07m33.9s/10m00.0s

running (07m34.9s), 096/100 VUs, 4962 complete and 0 interrupted iterations
comprehensive_load   [  76% ] 096/100 VUs  07m34.9s/10m00.0s

running (07m35.9s), 096/100 VUs, 4974 complete and 0 interrupted iterations
comprehensive_load   [  76% ] 096/100 VUs  07m35.9s/10m00.0s

running (07m36.9s), 096/100 VUs, 4985 complete and 0 interrupted iterations
comprehensive_load   [  76% ] 096/100 VUs  07m36.9s/10m00.0s

running (07m37.9s), 096/100 VUs, 4997 complete and 0 interrupted iterations
comprehensive_load   [  76% ] 096/100 VUs  07m37.9s/10m00.0s

running (07m38.9s), 097/100 VUs, 5010 complete and 0 interrupted iterations
comprehensive_load   [  76% ] 097/100 VUs  07m38.9s/10m00.0s

running (07m39.9s), 097/100 VUs, 5023 complete and 0 interrupted iterations
comprehensive_load   [  77% ] 097/100 VUs  07m39.9s/10m00.0s

running (07m40.9s), 097/100 VUs, 5034 complete and 0 interrupted iterations
comprehensive_load   [  77% ] 097/100 VUs  07m40.9s/10m00.0s

running (07m41.9s), 097/100 VUs, 5045 complete and 0 interrupted iterations
comprehensive_load   [  77% ] 097/100 VUs  07m41.9s/10m00.0s

running (07m42.9s), 097/100 VUs, 5058 complete and 0 interrupted iterations
comprehensive_load   [  77% ] 097/100 VUs  07m42.9s/10m00.0s

running (07m43.9s), 097/100 VUs, 5069 complete and 0 interrupted iterations
comprehensive_load   [  77% ] 097/100 VUs  07m43.9s/10m00.0s

running (07m44.9s), 097/100 VUs, 5080 complete and 0 interrupted iterations
comprehensive_load   [  77% ] 097/100 VUs  07m44.9s/10m00.0s

running (07m45.9s), 098/100 VUs, 5093 complete and 0 interrupted iterations
comprehensive_load   [  78% ] 098/100 VUs  07m45.9s/10m00.0s

running (07m46.9s), 098/100 VUs, 5106 complete and 0 interrupted iterations
comprehensive_load   [  78% ] 098/100 VUs  07m46.9s/10m00.0s

running (07m47.9s), 098/100 VUs, 5117 complete and 0 interrupted iterations
comprehensive_load   [  78% ] 098/100 VUs  07m47.9s/10m00.0s

running (07m48.9s), 098/100 VUs, 5129 complete and 0 interrupted iterations
comprehensive_load   [  78% ] 098/100 VUs  07m48.9s/10m00.0s

running (07m49.9s), 098/100 VUs, 5141 complete and 0 interrupted iterations
comprehensive_load   [  78% ] 098/100 VUs  07m49.9s/10m00.0s

running (07m50.9s), 098/100 VUs, 5153 complete and 0 interrupted iterations
comprehensive_load   [  78% ] 098/100 VUs  07m50.9s/10m00.0s

running (07m51.9s), 098/100 VUs, 5167 complete and 0 interrupted iterations
comprehensive_load   [  79% ] 098/100 VUs  07m51.9s/10m00.0s

running (07m52.9s), 099/100 VUs, 5179 complete and 0 interrupted iterations
comprehensive_load   [  79% ] 099/100 VUs  07m52.9s/10m00.0s

running (07m53.9s), 099/100 VUs, 5192 complete and 0 interrupted iterations
comprehensive_load   [  79% ] 099/100 VUs  07m53.9s/10m00.0s

running (07m54.9s), 099/100 VUs, 5203 complete and 0 interrupted iterations
comprehensive_load   [  79% ] 099/100 VUs  07m54.9s/10m00.0s

running (07m55.9s), 099/100 VUs, 5216 complete and 0 interrupted iterations
comprehensive_load   [  79% ] 099/100 VUs  07m55.9s/10m00.0s

running (07m56.9s), 099/100 VUs, 5228 complete and 0 interrupted iterations
comprehensive_load   [  79% ] 099/100 VUs  07m56.9s/10m00.0s

running (07m57.9s), 099/100 VUs, 5240 complete and 0 interrupted iterations
comprehensive_load   [  80% ] 099/100 VUs  07m57.9s/10m00.0s

running (07m58.9s), 099/100 VUs, 5251 complete and 0 interrupted iterations
comprehensive_load   [  80% ] 099/100 VUs  07m58.9s/10m00.0s

running (07m59.9s), 099/100 VUs, 5264 complete and 0 interrupted iterations
comprehensive_load   [  80% ] 099/100 VUs  07m59.9s/10m00.0s

running (08m00.9s), 100/100 VUs, 5277 complete and 0 interrupted iterations
comprehensive_load   [  80% ] 100/100 VUs  08m00.9s/10m00.0s

running (08m01.9s), 100/100 VUs, 5289 complete and 0 interrupted iterations
comprehensive_load   [  80% ] 100/100 VUs  08m01.9s/10m00.0s

running (08m02.9s), 100/100 VUs, 5301 complete and 0 interrupted iterations
comprehensive_load   [  80% ] 100/100 VUs  08m02.9s/10m00.0s

running (08m03.9s), 100/100 VUs, 5312 complete and 0 interrupted iterations
comprehensive_load   [  81% ] 100/100 VUs  08m03.9s/10m00.0s

running (08m04.9s), 100/100 VUs, 5323 complete and 0 interrupted iterations
comprehensive_load   [  81% ] 100/100 VUs  08m04.9s/10m00.0s

running (08m05.9s), 100/100 VUs, 5335 complete and 0 interrupted iterations
comprehensive_load   [  81% ] 100/100 VUs  08m05.9s/10m00.0s

running (08m06.9s), 100/100 VUs, 5348 complete and 0 interrupted iterations
comprehensive_load   [  81% ] 100/100 VUs  08m06.9s/10m00.0s

running (08m07.9s), 100/100 VUs, 5355 complete and 0 interrupted iterations
comprehensive_load   [  81% ] 100/100 VUs  08m07.9s/10m00.0s

running (08m08.9s), 099/100 VUs, 5366 complete and 0 interrupted iterations
comprehensive_load   [  81% ] 099/100 VUs  08m08.9s/10m00.0s

running (08m09.9s), 098/100 VUs, 5378 complete and 0 interrupted iterations
comprehensive_load   [  82% ] 098/100 VUs  08m09.9s/10m00.0s

running (08m10.9s), 097/100 VUs, 5389 complete and 0 interrupted iterations
comprehensive_load   [  82% ] 097/100 VUs  08m10.9s/10m00.0s

running (08m11.9s), 097/100 VUs, 5397 complete and 0 interrupted iterations
comprehensive_load   [  82% ] 097/100 VUs  08m11.9s/10m00.0s

running (08m12.9s), 095/100 VUs, 5409 complete and 0 interrupted iterations
comprehensive_load   [  82% ] 095/100 VUs  08m12.9s/10m00.0s

running (08m13.9s), 094/100 VUs, 5420 complete and 0 interrupted iterations
comprehensive_load   [  82% ] 094/100 VUs  08m13.9s/10m00.0s

running (08m14.9s), 093/100 VUs, 5434 complete and 0 interrupted iterations
comprehensive_load   [  82% ] 093/100 VUs  08m14.9s/10m00.0s

running (08m15.9s), 093/100 VUs, 5448 complete and 0 interrupted iterations
comprehensive_load   [  83% ] 093/100 VUs  08m15.9s/10m00.0s

running (08m16.9s), 093/100 VUs, 5460 complete and 0 interrupted iterations
comprehensive_load   [  83% ] 093/100 VUs  08m16.9s/10m00.0s

running (08m17.9s), 092/100 VUs, 5473 complete and 0 interrupted iterations
comprehensive_load   [  83% ] 092/100 VUs  08m17.9s/10m00.0s

running (08m18.9s), 086/100 VUs, 5484 complete and 0 interrupted iterations
comprehensive_load   [  83% ] 086/100 VUs  08m18.9s/10m00.0s

running (08m19.9s), 086/100 VUs, 5495 complete and 0 interrupted iterations
comprehensive_load   [  83% ] 086/100 VUs  08m19.9s/10m00.0s

running (08m20.9s), 086/100 VUs, 5506 complete and 0 interrupted iterations
comprehensive_load   [  83% ] 086/100 VUs  08m20.9s/10m00.0s

running (08m21.9s), 086/100 VUs, 5519 complete and 0 interrupted iterations
comprehensive_load   [  84% ] 086/100 VUs  08m21.9s/10m00.0s

running (08m22.9s), 086/100 VUs, 5526 complete and 0 interrupted iterations
comprehensive_load   [  84% ] 086/100 VUs  08m22.9s/10m00.0s

running (08m23.9s), 086/100 VUs, 5531 complete and 0 interrupted iterations
comprehensive_load   [  84% ] 086/100 VUs  08m23.9s/10m00.0s

running (08m24.9s), 086/100 VUs, 5537 complete and 0 interrupted iterations
comprehensive_load   [  84% ] 086/100 VUs  08m24.9s/10m00.0s

running (08m25.9s), 086/100 VUs, 5542 complete and 0 interrupted iterations
comprehensive_load   [  84% ] 086/100 VUs  08m25.9s/10m00.0s

running (08m26.9s), 086/100 VUs, 5547 complete and 0 interrupted iterations
comprehensive_load   [  84% ] 086/100 VUs  08m26.9s/10m00.0s

running (08m27.9s), 085/100 VUs, 5557 complete and 0 interrupted iterations
comprehensive_load   [  85% ] 085/100 VUs  08m27.9s/10m00.0s

running (08m28.9s), 082/100 VUs, 5568 complete and 0 interrupted iterations
comprehensive_load   [  85% ] 082/100 VUs  08m28.9s/10m00.0s

running (08m29.9s), 081/100 VUs, 5578 complete and 0 interrupted iterations
comprehensive_load   [  85% ] 081/100 VUs  08m29.9s/10m00.0s

running (08m30.9s), 076/100 VUs, 5592 complete and 0 interrupted iterations
comprehensive_load   [  85% ] 076/100 VUs  08m30.9s/10m00.0s

running (08m31.9s), 076/100 VUs, 5607 complete and 0 interrupted iterations
comprehensive_load   [  85% ] 076/100 VUs  08m31.9s/10m00.0s

running (08m32.9s), 075/100 VUs, 5621 complete and 0 interrupted iterations
comprehensive_load   [  85% ] 075/100 VUs  08m32.9s/10m00.0s

running (08m33.9s), 075/100 VUs, 5633 complete and 0 interrupted iterations
comprehensive_load   [  86% ] 075/100 VUs  08m33.9s/10m00.0s

running (08m34.9s), 075/100 VUs, 5644 complete and 0 interrupted iterations
comprehensive_load   [  86% ] 075/100 VUs  08m34.9s/10m00.0s

running (08m35.9s), 072/100 VUs, 5654 complete and 0 interrupted iterations
comprehensive_load   [  86% ] 072/100 VUs  08m35.9s/10m00.0s

running (08m36.9s), 072/100 VUs, 5665 complete and 0 interrupted iterations
comprehensive_load   [  86% ] 072/100 VUs  08m36.9s/10m00.0s

running (08m37.9s), 072/100 VUs, 5680 complete and 0 interrupted iterations
comprehensive_load   [  86% ] 072/100 VUs  08m37.9s/10m00.0s

running (08m38.9s), 071/100 VUs, 5694 complete and 0 interrupted iterations
comprehensive_load   [  86% ] 071/100 VUs  08m38.9s/10m00.0s

running (08m39.9s), 070/100 VUs, 5706 complete and 0 interrupted iterations
comprehensive_load   [  87% ] 070/100 VUs  08m39.9s/10m00.0s

running (08m40.9s), 069/100 VUs, 5717 complete and 0 interrupted iterations
comprehensive_load   [  87% ] 069/100 VUs  08m40.9s/10m00.0s

running (08m41.9s), 069/100 VUs, 5729 complete and 0 interrupted iterations
comprehensive_load   [  87% ] 069/100 VUs  08m41.9s/10m00.0s

running (08m42.9s), 066/100 VUs, 5743 complete and 0 interrupted iterations
comprehensive_load   [  87% ] 066/100 VUs  08m42.9s/10m00.0s

running (08m43.9s), 065/100 VUs, 5756 complete and 0 interrupted iterations
comprehensive_load   [  87% ] 065/100 VUs  08m43.9s/10m00.0s

running (08m44.9s), 065/100 VUs, 5767 complete and 0 interrupted iterations
comprehensive_load   [  87% ] 065/100 VUs  08m44.9s/10m00.0s

running (08m45.9s), 064/100 VUs, 5779 complete and 0 interrupted iterations
comprehensive_load   [  88% ] 064/100 VUs  08m45.9s/10m00.0s

running (08m46.9s), 064/100 VUs, 5789 complete and 0 interrupted iterations
comprehensive_load   [  88% ] 064/100 VUs  08m46.9s/10m00.0s

running (08m47.9s), 062/100 VUs, 5802 complete and 0 interrupted iterations
comprehensive_load   [  88% ] 062/100 VUs  08m47.9s/10m00.0s

running (08m48.9s), 062/100 VUs, 5816 complete and 0 interrupted iterations
comprehensive_load   [  88% ] 062/100 VUs  08m48.9s/10m00.0s

running (08m49.9s), 061/100 VUs, 5828 complete and 0 interrupted iterations
comprehensive_load   [  88% ] 061/100 VUs  08m49.9s/10m00.0s

running (08m50.9s), 060/100 VUs, 5839 complete and 0 interrupted iterations
comprehensive_load   [  88% ] 060/100 VUs  08m50.9s/10m00.0s

running (08m51.9s), 060/100 VUs, 5852 complete and 0 interrupted iterations
comprehensive_load   [  89% ] 060/100 VUs  08m51.9s/10m00.0s

running (08m52.9s), 059/100 VUs, 5865 complete and 0 interrupted iterations
comprehensive_load   [  89% ] 059/100 VUs  08m52.9s/10m00.0s

running (08m53.9s), 058/100 VUs, 5877 complete and 0 interrupted iterations
comprehensive_load   [  89% ] 058/100 VUs  08m53.9s/10m00.0s

running (08m54.9s), 057/100 VUs, 5890 complete and 0 interrupted iterations
comprehensive_load   [  89% ] 057/100 VUs  08m54.9s/10m00.0s

running (08m55.9s), 055/100 VUs, 5902 complete and 0 interrupted iterations
comprehensive_load   [  89% ] 055/100 VUs  08m55.9s/10m00.0s

running (08m56.9s), 055/100 VUs, 5914 complete and 0 interrupted iterations
comprehensive_load   [  89% ] 055/100 VUs  08m56.9s/10m00.0s

running (08m57.9s), 054/100 VUs, 5928 complete and 0 interrupted iterations
comprehensive_load   [  90% ] 054/100 VUs  08m57.9s/10m00.0s

running (08m58.9s), 054/100 VUs, 5941 complete and 0 interrupted iterations
comprehensive_load   [  90% ] 054/100 VUs  08m58.9s/10m00.0s

running (08m59.9s), 053/100 VUs, 5951 complete and 0 interrupted iterations
comprehensive_load   [  90% ] 053/100 VUs  08m59.9s/10m00.0s

running (09m00.9s), 053/100 VUs, 5963 complete and 0 interrupted iterations
comprehensive_load   [  90% ] 053/100 VUs  09m00.9s/10m00.0s

running (09m01.9s), 052/100 VUs, 5975 complete and 0 interrupted iterations
comprehensive_load   [  90% ] 052/100 VUs  09m01.9s/10m00.0s

running (09m02.9s), 049/100 VUs, 5988 complete and 0 interrupted iterations
comprehensive_load   [  90% ] 049/100 VUs  09m02.9s/10m00.0s

running (09m03.9s), 049/100 VUs, 6000 complete and 0 interrupted iterations
comprehensive_load   [  91% ] 049/100 VUs  09m03.9s/10m00.0s

running (09m04.9s), 048/100 VUs, 6011 complete and 0 interrupted iterations
comprehensive_load   [  91% ] 048/100 VUs  09m04.9s/10m00.0s

running (09m05.9s), 046/100 VUs, 6023 complete and 0 interrupted iterations
comprehensive_load   [  91% ] 046/100 VUs  09m05.9s/10m00.0s

running (09m06.9s), 045/100 VUs, 6033 complete and 0 interrupted iterations
comprehensive_load   [  91% ] 045/100 VUs  09m06.9s/10m00.0s

running (09m07.9s), 044/100 VUs, 6046 complete and 0 interrupted iterations
comprehensive_load   [  91% ] 044/100 VUs  09m07.9s/10m00.0s

running (09m08.9s), 044/100 VUs, 6058 complete and 0 interrupted iterations
comprehensive_load   [  91% ] 044/100 VUs  09m08.9s/10m00.0s

running (09m09.9s), 043/100 VUs, 6070 complete and 0 interrupted iterations
comprehensive_load   [  92% ] 043/100 VUs  09m09.9s/10m00.0s

running (09m10.9s), 042/100 VUs, 6080 complete and 0 interrupted iterations
comprehensive_load   [  92% ] 042/100 VUs  09m10.9s/10m00.0s

running (09m11.9s), 041/100 VUs, 6093 complete and 0 interrupted iterations
comprehensive_load   [  92% ] 041/100 VUs  09m11.9s/10m00.0s

running (09m12.9s), 040/100 VUs, 6106 complete and 0 interrupted iterations
comprehensive_load   [  92% ] 040/100 VUs  09m12.9s/10m00.0s

running (09m13.9s), 039/100 VUs, 6119 complete and 0 interrupted iterations
comprehensive_load   [  92% ] 039/100 VUs  09m13.9s/10m00.0s

running (09m14.9s), 038/100 VUs, 6129 complete and 0 interrupted iterations
comprehensive_load   [  92% ] 038/100 VUs  09m14.9s/10m00.0s

running (09m15.9s), 038/100 VUs, 6141 complete and 0 interrupted iterations
comprehensive_load   [  93% ] 038/100 VUs  09m15.9s/10m00.0s

running (09m16.9s), 037/100 VUs, 6153 complete and 0 interrupted iterations
comprehensive_load   [  93% ] 037/100 VUs  09m16.9s/10m00.0s

running (09m17.9s), 037/100 VUs, 6163 complete and 0 interrupted iterations
comprehensive_load   [  93% ] 037/100 VUs  09m17.9s/10m00.0s

running (09m18.9s), 037/100 VUs, 6175 complete and 0 interrupted iterations
comprehensive_load   [  93% ] 037/100 VUs  09m18.9s/10m00.0s

running (09m19.9s), 036/100 VUs, 6189 complete and 0 interrupted iterations
comprehensive_load   [  93% ] 036/100 VUs  09m19.9s/10m00.0s

running (09m20.9s), 035/100 VUs, 6200 complete and 0 interrupted iterations
comprehensive_load   [  93% ] 035/100 VUs  09m20.9s/10m00.0s

running (09m21.9s), 033/100 VUs, 6213 complete and 0 interrupted iterations
comprehensive_load   [  94% ] 033/100 VUs  09m21.9s/10m00.0s

running (09m22.9s), 033/100 VUs, 6225 complete and 0 interrupted iterations
comprehensive_load   [  94% ] 033/100 VUs  09m22.9s/10m00.0s

running (09m23.9s), 033/100 VUs, 6238 complete and 0 interrupted iterations
comprehensive_load   [  94% ] 033/100 VUs  09m23.9s/10m00.0s

running (09m24.9s), 030/100 VUs, 6250 complete and 0 interrupted iterations
comprehensive_load   [  94% ] 030/100 VUs  09m24.9s/10m00.0s

running (09m25.9s), 030/100 VUs, 6263 complete and 0 interrupted iterations
comprehensive_load   [  94% ] 030/100 VUs  09m25.9s/10m00.0s

running (09m26.9s), 030/100 VUs, 6275 complete and 0 interrupted iterations
comprehensive_load   [  94% ] 030/100 VUs  09m26.9s/10m00.0s

running (09m27.9s), 028/100 VUs, 6288 complete and 0 interrupted iterations
comprehensive_load   [  95% ] 028/100 VUs  09m27.9s/10m00.0s

running (09m28.9s), 027/100 VUs, 6299 complete and 0 interrupted iterations
comprehensive_load   [  95% ] 027/100 VUs  09m28.9s/10m00.0s

running (09m29.9s), 026/100 VUs, 6308 complete and 0 interrupted iterations
comprehensive_load   [  95% ] 026/100 VUs  09m29.9s/10m00.0s

running (09m30.9s), 026/100 VUs, 6319 complete and 0 interrupted iterations
comprehensive_load   [  95% ] 026/100 VUs  09m30.9s/10m00.0s

running (09m31.9s), 025/100 VUs, 6324 complete and 0 interrupted iterations
comprehensive_load   [  95% ] 025/100 VUs  09m31.9s/10m00.0s

running (09m32.9s), 024/100 VUs, 6330 complete and 0 interrupted iterations
comprehensive_load   [  95% ] 024/100 VUs  09m32.9s/10m00.0s

running (09m33.9s), 023/100 VUs, 6332 complete and 0 interrupted iterations
comprehensive_load   [  96% ] 023/100 VUs  09m33.9s/10m00.0s

running (09m34.9s), 023/100 VUs, 6337 complete and 0 interrupted iterations
comprehensive_load   [  96% ] 023/100 VUs  09m34.9s/10m00.0s

running (09m35.9s), 022/100 VUs, 6346 complete and 0 interrupted iterations
comprehensive_load   [  96% ] 022/100 VUs  09m35.9s/10m00.0s

running (09m36.9s), 021/100 VUs, 6360 complete and 0 interrupted iterations
comprehensive_load   [  96% ] 021/100 VUs  09m36.9s/10m00.0s

running (09m37.9s), 019/100 VUs, 6371 complete and 0 interrupted iterations
comprehensive_load   [  96% ] 019/100 VUs  09m37.9s/10m00.0s

running (09m38.9s), 018/100 VUs, 6385 complete and 0 interrupted iterations
comprehensive_load   [  96% ] 018/100 VUs  09m38.9s/10m00.0s

running (09m39.9s), 018/100 VUs, 6396 complete and 0 interrupted iterations
comprehensive_load   [  97% ] 018/100 VUs  09m39.9s/10m00.0s

running (09m41.0s), 017/100 VUs, 6408 complete and 0 interrupted iterations
comprehensive_load   [  97% ] 017/100 VUs  09m41.0s/10m00.0s

running (09m41.9s), 017/100 VUs, 6418 complete and 0 interrupted iterations
comprehensive_load   [  97% ] 017/100 VUs  09m41.9s/10m00.0s

running (09m42.9s), 015/100 VUs, 6428 complete and 0 interrupted iterations
comprehensive_load   [  97% ] 015/100 VUs  09m42.9s/10m00.0s

running (09m43.9s), 014/100 VUs, 6439 complete and 0 interrupted iterations
comprehensive_load   [  97% ] 014/100 VUs  09m43.9s/10m00.0s

running (09m44.9s), 013/100 VUs, 6450 complete and 0 interrupted iterations
comprehensive_load   [  97% ] 013/100 VUs  09m44.9s/10m00.0s

running (09m45.9s), 012/100 VUs, 6458 complete and 0 interrupted iterations
comprehensive_load   [  98% ] 012/100 VUs  09m45.9s/10m00.0s

running (09m46.9s), 012/100 VUs, 6468 complete and 0 interrupted iterations
comprehensive_load   [  98% ] 012/100 VUs  09m46.9s/10m00.0s

running (09m47.9s), 011/100 VUs, 6476 complete and 0 interrupted iterations
comprehensive_load   [  98% ] 011/100 VUs  09m47.9s/10m00.0s

running (09m48.9s), 011/100 VUs, 6484 complete and 0 interrupted iterations
comprehensive_load   [  98% ] 011/100 VUs  09m48.9s/10m00.0s

running (09m49.9s), 010/100 VUs, 6492 complete and 0 interrupted iterations
comprehensive_load   [  98% ] 010/100 VUs  09m49.9s/10m00.0s

running (09m50.9s), 008/100 VUs, 6498 complete and 0 interrupted iterations
comprehensive_load   [  98% ] 008/100 VUs  09m50.9s/10m00.0s

running (09m51.9s), 008/100 VUs, 6505 complete and 0 interrupted iterations
comprehensive_load   [  99% ] 008/100 VUs  09m51.9s/10m00.0s

running (09m52.9s), 007/100 VUs, 6511 complete and 0 interrupted iterations
comprehensive_load   [  99% ] 007/100 VUs  09m52.9s/10m00.0s

running (09m53.9s), 006/100 VUs, 6516 complete and 0 interrupted iterations
comprehensive_load   [  99% ] 006/100 VUs  09m53.9s/10m00.0s

running (09m54.9s), 005/100 VUs, 6520 complete and 0 interrupted iterations
comprehensive_load   [  99% ] 005/100 VUs  09m54.9s/10m00.0s

running (09m55.9s), 004/100 VUs, 6525 complete and 0 interrupted iterations
comprehensive_load   [  99% ] 004/100 VUs  09m55.9s/10m00.0s

running (09m56.9s), 004/100 VUs, 6527 complete and 0 interrupted iterations
comprehensive_load   [  99% ] 004/100 VUs  09m56.9s/10m00.0s

running (09m57.9s), 003/100 VUs, 6529 complete and 0 interrupted iterations
comprehensive_load   [ 100% ] 003/100 VUs  09m57.9s/10m00.0s

running (09m58.9s), 002/100 VUs, 6532 complete and 0 interrupted iterations
comprehensive_load   [ 100% ] 002/100 VUs  09m58.9s/10m00.0s

running (09m59.9s), 001/100 VUs, 6534 complete and 0 interrupted iterations
comprehensive_load   [ 100% ] 001/100 VUs  09m59.9s/10m00.0s

running (10m00.9s), 001/100 VUs, 6534 complete and 0 interrupted iterations
comprehensive_load ↓ [ 100% ] 001/100 VUs  10m0s


  █ THRESHOLDS 

    http_req_duration
    ✗ 'p(95)<500' p(95)=3.85s
    ✗ 'p(99)<1000' p(99)=4.99s

    http_req_failed
    ✓ 'rate<0.05' rate=0.00%


  █ TOTAL RESULTS 

    checks_total.......: 39210   65.211172/s
    checks_succeeded...: 100.00% 39210 out of 39210
    checks_failed......: 0.00%   0 out of 39210

    ✓ radius-crimes 200
    ✓ stats-summary 200
    ✓ stats-trend 200
    ✓ crime-types 200
    ✓ zones 200
    ✓ basic-crimes 200

    CUSTOM
    final_api_latency..............: avg=752.788396 min=0     med=12.29115 max=7921.8158 p(90)=2753.39261 p(95)=3855.177065
    final_errors...................: 0.00%  0 out of 39210

    HTTP
    http_req_duration..............: avg=752.78ms   min=0s    med=12.29ms  max=7.92s     p(90)=2.75s      p(95)=3.85s      
      { expected_response:true }...: avg=752.78ms   min=0s    med=12.29ms  max=7.92s     p(90)=2.75s      p(95)=3.85s      
    http_req_failed................: 0.00%  0 out of 39210
    http_reqs......................: 39210  65.211172/s

    EXECUTION
    iteration_duration.............: avg=5.52s      min=1.33s med=5.5s     max=11.44s    p(90)=8.14s      p(95)=9.44s      
    iterations.....................: 6535   10.868529/s
    vus............................: 1      min=0          max=100
    vus_max........................: 100    min=100        max=100

    NETWORK
    data_received..................: 102 MB 169 kB/s
    data_sent......................: 3.8 MB 6.2 kB/s




running (10m01.3s), 000/100 VUs, 6535 complete and 0 interrupted iterations
comprehensive_load ✓ [ 100% ] 000/100 VUs  10m0s
time="2026-09-18T10:16:02+05:00" level=error msg="thresholds on metrics 'http_req_duration' have been crossed"
